Component: ARM Compiler 5.06 update 7 (build 960) Tool: armlink [4d3601]

==============================================================================

Section Cross References

    startup_stm32h723xx.o(STACK) refers (Special) to heapauxi.o(.text) for __use_two_region_memory
    startup_stm32h723xx.o(HEAP) refers (Special) to heapauxi.o(.text) for __use_two_region_memory
    startup_stm32h723xx.o(RESET) refers (Special) to heapauxi.o(.text) for __use_two_region_memory
    startup_stm32h723xx.o(RESET) refers to startup_stm32h723xx.o(STACK) for __initial_sp
    startup_stm32h723xx.o(RESET) refers to startup_stm32h723xx.o(.text) for Reset_Handler
    startup_stm32h723xx.o(RESET) refers to stm32h7xx_it.o(i.NMI_Handler) for NMI_Handler
    startup_stm32h723xx.o(RESET) refers to stm32h7xx_it.o(i.HardFault_Handler) for HardFault_Handler
    startup_stm32h723xx.o(RESET) refers to stm32h7xx_it.o(i.MemManage_Handler) for MemManage_Handler
    startup_stm32h723xx.o(RESET) refers to stm32h7xx_it.o(i.BusFault_Handler) for BusFault_Handler
    startup_stm32h723xx.o(RESET) refers to stm32h7xx_it.o(i.UsageFault_Handler) for UsageFault_Handler
    startup_stm32h723xx.o(RESET) refers to stm32h7xx_it.o(i.SVC_Handler) for SVC_Handler
    startup_stm32h723xx.o(RESET) refers to stm32h7xx_it.o(i.DebugMon_Handler) for DebugMon_Handler
    startup_stm32h723xx.o(RESET) refers to stm32h7xx_it.o(i.PendSV_Handler) for PendSV_Handler
    startup_stm32h723xx.o(RESET) refers to stm32h7xx_it.o(i.SysTick_Handler) for SysTick_Handler
    startup_stm32h723xx.o(RESET) refers to stm32h7xx_it.o(i.DMA1_Stream0_IRQHandler) for DMA1_Stream0_IRQHandler
    startup_stm32h723xx.o(RESET) refers to stm32h7xx_it.o(i.DMA1_Stream1_IRQHandler) for DMA1_Stream1_IRQHandler
    startup_stm32h723xx.o(RESET) refers to stm32h7xx_it.o(i.FDCAN1_IT0_IRQHandler) for FDCAN1_IT0_IRQHandler
    startup_stm32h723xx.o(RESET) refers to stm32h7xx_it.o(i.FDCAN1_IT1_IRQHandler) for FDCAN1_IT1_IRQHandler
    startup_stm32h723xx.o(RESET) refers to stm32h7xx_it.o(i.USART1_IRQHandler) for USART1_IRQHandler
    startup_stm32h723xx.o(RESET) refers to stm32h7xx_it.o(i.USART3_IRQHandler) for USART3_IRQHandler
    startup_stm32h723xx.o(RESET) refers to stm32h7xx_it.o(i.USART6_IRQHandler) for USART6_IRQHandler
    startup_stm32h723xx.o(.text) refers (Special) to heapauxi.o(.text) for __use_two_region_memory
    startup_stm32h723xx.o(.text) refers to system_stm32h7xx.o(i.ExitRun0Mode) for ExitRun0Mode
    startup_stm32h723xx.o(.text) refers to system_stm32h7xx.o(i.SystemInit) for SystemInit
    startup_stm32h723xx.o(.text) refers to __main.o(!!!main) for __main
    startup_stm32h723xx.o(.text) refers to startup_stm32h723xx.o(HEAP) for Heap_Mem
    startup_stm32h723xx.o(.text) refers to startup_stm32h723xx.o(STACK) for Stack_Mem
    main.o(i.SystemClock_Config) refers to rt_memclr_w.o(.text) for __aeabi_memclr4
    main.o(i.SystemClock_Config) refers to stm32h7xx_hal_pwr_ex.o(i.HAL_PWREx_ConfigSupply) for HAL_PWREx_ConfigSupply
    main.o(i.SystemClock_Config) refers to stm32h7xx_hal_rcc.o(i.HAL_RCC_OscConfig) for HAL_RCC_OscConfig
    main.o(i.SystemClock_Config) refers to stm32h7xx_hal_rcc.o(i.HAL_RCC_ClockConfig) for HAL_RCC_ClockConfig
    main.o(i.main) refers to stm32h7xx_hal_cortex.o(i.HAL_MPU_Disable) for HAL_MPU_Disable
    main.o(i.main) refers to stm32h7xx_hal_cortex.o(i.HAL_MPU_ConfigRegion) for HAL_MPU_ConfigRegion
    main.o(i.main) refers to stm32h7xx_hal_cortex.o(i.HAL_MPU_Enable) for HAL_MPU_Enable
    main.o(i.main) refers to stm32h7xx_hal.o(i.HAL_Init) for HAL_Init
    main.o(i.main) refers to main.o(i.SystemClock_Config) for SystemClock_Config
    main.o(i.main) refers to gpio.o(i.MX_GPIO_Init) for MX_GPIO_Init
    main.o(i.main) refers to dma.o(i.MX_DMA_Init) for MX_DMA_Init
    main.o(i.main) refers to fdcan.o(i.MX_FDCAN1_Init) for MX_FDCAN1_Init
    main.o(i.main) refers to usart.o(i.MX_USART1_UART_Init) for MX_USART1_UART_Init
    main.o(i.main) refers to usart.o(i.MX_USART3_UART_Init) for MX_USART3_UART_Init
    main.o(i.main) refers to usart.o(i.MX_USART6_UART_Init) for MX_USART6_UART_Init
    main.o(i.main) refers to stm32h7xx_hal_uart.o(i.HAL_UART_Receive_IT) for HAL_UART_Receive_IT
    main.o(i.main) refers to sbus.o(i.Sbus_Init) for Sbus_Init
    main.o(i.main) refers to movecontroll.o(i.RCInit) for RCInit
    main.o(i.main) refers to candrive.o(i.Motor_Start_Task) for Motor_Start_Task
    main.o(i.main) refers to bkmotor.o(i.Main_Loop) for Main_Loop
    main.o(i.main) refers to navcmd.o(.data) for uart1_rx_byte
    main.o(i.main) refers to usart.o(.bss) for huart1
    gpio.o(i.MX_GPIO_Init) refers to rt_memclr_w.o(.text) for __aeabi_memclr4
    gpio.o(i.MX_GPIO_Init) refers to stm32h7xx_hal_gpio.o(i.HAL_GPIO_WritePin) for HAL_GPIO_WritePin
    gpio.o(i.MX_GPIO_Init) refers to stm32h7xx_hal_gpio.o(i.HAL_GPIO_Init) for HAL_GPIO_Init
    dma.o(i.MX_DMA_Init) refers to stm32h7xx_hal_cortex.o(i.HAL_NVIC_SetPriority) for HAL_NVIC_SetPriority
[...]
    UART_DMAAbortOnError                     0x080064c7   Thumb Code    10  stm32h7xx_hal_uart.o(i.UART_DMAAbortOnError)
    i.UART_DMAError                          0x080064d0   Section        0  stm32h7xx_hal_uart.o(i.UART_DMAError)
    UART_DMAError                            0x080064d1   Thumb Code    68  stm32h7xx_hal_uart.o(i.UART_DMAError)
    i.UART_DMAReceiveCplt                    0x08006514   Section        0  stm32h7xx_hal_uart.o(i.UART_DMAReceiveCplt)
    UART_DMAReceiveCplt                      0x08006515   Thumb Code   278  stm32h7xx_hal_uart.o(i.UART_DMAReceiveCplt)
    i.UART_DMARxHalfCplt                     0x08006634   Section        0  stm32h7xx_hal_uart.o(i.UART_DMARxHalfCplt)
    UART_DMARxHalfCplt                       0x08006635   Thumb Code   180  stm32h7xx_hal_uart.o(i.UART_DMARxHalfCplt)
    i.UART_EndRxTransfer                     0x080066f0   Section        0  stm32h7xx_hal_uart.o(i.UART_EndRxTransfer)
    UART_EndRxTransfer                       0x080066f1   Thumb Code    78  stm32h7xx_hal_uart.o(i.UART_EndRxTransfer)
    i.UART_EndTxTransfer                     0x08006744   Section        0  stm32h7xx_hal_uart.o(i.UART_EndTxTransfer)
    UART_EndTxTransfer                       0x08006745   Thumb Code    46  stm32h7xx_hal_uart.o(i.UART_EndTxTransfer)
    i.UART_RxISR_16BIT                       0x08006774   Section        0  stm32h7xx_hal_uart.o(i.UART_RxISR_16BIT)
    UART_RxISR_16BIT                         0x08006775   Thumb Code   196  stm32h7xx_hal_uart.o(i.UART_RxISR_16BIT)
    i.UART_RxISR_16BIT_FIFOEN                0x0800683c   Section        0  stm32h7xx_hal_uart.o(i.UART_RxISR_16BIT_FIFOEN)
    UART_RxISR_16BIT_FIFOEN                  0x0800683d   Thumb Code   402  stm32h7xx_hal_uart.o(i.UART_RxISR_16BIT_FIFOEN)
    i.UART_RxISR_8BIT                        0x080069dc   Section        0  stm32h7xx_hal_uart.o(i.UART_RxISR_8BIT)
    UART_RxISR_8BIT                          0x080069dd   Thumb Code   196  stm32h7xx_hal_uart.o(i.UART_RxISR_8BIT)
    i.UART_RxISR_8BIT_FIFOEN                 0x08006aa4   Section        0  stm32h7xx_hal_uart.o(i.UART_RxISR_8BIT_FIFOEN)
    UART_RxISR_8BIT_FIFOEN                   0x08006aa5   Thumb Code   402  stm32h7xx_hal_uart.o(i.UART_RxISR_8BIT_FIFOEN)
    i.UART_SetConfig                         0x08006c44   Section        0  stm32h7xx_hal_uart.o(i.UART_SetConfig)
    i.UART_Start_Receive_DMA                 0x08007020   Section        0  stm32h7xx_hal_uart.o(i.UART_Start_Receive_DMA)
    i.UART_Start_Receive_IT                  0x080070c8   Section        0  stm32h7xx_hal_uart.o(i.UART_Start_Receive_IT)
    i.UART_WaitOnFlagUntilTimeout            0x080071d8   Section        0  stm32h7xx_hal_uart.o(i.UART_WaitOnFlagUntilTimeout)
    i.USART1_IRQHandler                      0x0800726c   Section        0  stm32h7xx_it.o(i.USART1_IRQHandler)
    i.USART3_IRQHandler                      0x08007278   Section        0  stm32h7xx_it.o(i.USART3_IRQHandler)
    i.USART6_IRQHandler                      0x08007284   Section        0  stm32h7xx_it.o(i.USART6_IRQHandler)
    i.UsageFault_Handler                     0x08007290   Section        0  stm32h7xx_it.o(i.UsageFault_Handler)
    i.__NVIC_SetPriority                     0x08007292   Section        0  stm32h7xx_hal_cortex.o(i.__NVIC_SetPriority)
    __NVIC_SetPriority                       0x08007293   Thumb Code    34  stm32h7xx_hal_cortex.o(i.__NVIC_SetPriority)
    i.__hardfp_roundf                        0x080072b4   Section        0  roundf.o(i.__hardfp_roundf)
    i.can_tx                                 0x08007354   Section        0  candrive.o(i.can_tx)
    i.dec_to_rpm                             0x08007394   Section        0  candrive.o(i.dec_to_rpm)
    i.fabsf                                  0x080073ac   Section        0  movecontroll.o(i.fabsf)
    fabsf                                    0x080073ad   Thumb Code     6  movecontroll.o(i.fabsf)
    i.is_motor_feedback_timeout              0x080073b4   Section        0  candrive.o(i.is_motor_feedback_timeout)
    i.main                                   0x080073e8   Section        0  main.o(i.main)
    i.map_sbus_to_rpm                        0x0800747c   Section        0  bkmotor.o(i.map_sbus_to_rpm)
    i.mps_to_rpm                             0x08007554   Section        0  movecontroll.o(i.mps_to_rpm)
    i.parse_error_word                       0x08007578   Section        0  candrive.o(i.parse_error_word)
    i.parse_status_word                      0x08007608   Section        0  candrive.o(i.parse_status_word)
    i.rpm_to_dec                             0x080076a4   Section        0  bkmotor.o(i.rpm_to_dec)
    i.rpm_to_mps                             0x080076d4   Section        0  movecontroll.o(i.rpm_to_mps)
    i.serial2_apply_packet                   0x080076f0   Section        0  navcmd.o(i.serial2_apply_packet)
    i.serial2_crc16                          0x08007770   Section        0  navcmd.o(i.serial2_crc16)
    i.serial2_handle_frame                   0x080077aa   Section        0  navcmd.o(i.serial2_handle_frame)
    i.serial2_process_byte                   0x080077e8   Section        0  navcmd.o(i.serial2_process_byte)
    i.serial2_reset_state                    0x08007844   Section        0  navcmd.o(i.serial2_reset_state)
    x$fpl$fnaninf                            0x08007854   Section      140  fnaninf.o(x$fpl$fnaninf)
    $v0                                      0x08007854   Number         0  fnaninf.o(x$fpl$fnaninf)
    x$fpl$fpinit                             0x080078e0   Section       10  fpinit.o(x$fpl$fpinit)
    $v0                                      0x080078e0   Number         0  fpinit.o(x$fpl$fpinit)
    x$fpl$frnd                               0x080078ec   Section       96  frnd.o(x$fpl$frnd)
    $v0                                      0x080078ec   Number         0  frnd.o(x$fpl$frnd)
    .constdata                               0x0800794c   Section       36  candrive.o(.constdata)
    x$fpl$usenofp                            0x0800794c   Section        0  usenofp.o(x$fpl$usenofp)
    .constdata                               0x08007970   Section        8  stm32h7xx_hal_dma.o(.constdata)
    flagBitshiftOffset                       0x08007970   Data           8  stm32h7xx_hal_dma.o(.constdata)
    .constdata                               0x08007978   Section       92  stm32h7xx_hal_fdcan.o(.constdata)
    DLCtoBytes                               0x08007978   Data          16  stm32h7xx_hal_fdcan.o(.constdata)
    .constdata                               0x080079d4   Section       24  stm32h7xx_hal_uart.o(.constdata)
    .constdata                               0x080079ec   Section       16  stm32h7xx_hal_uart_ex.o(.constdata)
    numerator                                0x080079ec   Data           8  stm32h7xx_hal_uart_ex.o(.constdata)
    denominator                              0x080079f4   Data           8  stm32h7xx_hal_uart_ex.o(.constdata)
    .constdata                               0x080079fc   Section       16  system_stm32h7xx.o(.constdata)
    .data                                    0x24000000   Section        6  sbus.o(.data)
    sbus_frame_pos                           0x24000001   Data           1  sbus.o(.data)
    sbus_head                                0x24000002   Data           2  sbus.o(.data)
    sbus_tail                                0x24000004   Data           2  sbus.o(.data)
    .data                                    0x24000008   Section       72  movecontroll.o(.data)
    g_motion_reset_request                   0x24000008   Data           1  movecontroll.o(.data)
    diff_init_done                           0x24000009   Data           1  movecontroll.o(.data)
    LastRtkDataMode                          0x2400000a   Data           1  movecontroll.o(.data)
    LastSystemMode                           0x2400000b   Data           1  movecontroll.o(.data)
    LastMoveMode                             0x2400000c   Data           1  movecontroll.o(.data)
    LastCH0                                  0x2400000e   Data           2  movecontroll.o(.data)
    LastCH1                                  0x24000010   Data           2  movecontroll.o(.data)
    LastCH2                                  0x24000012   Data           2  movecontroll.o(.data)
    LastCH3                                  0x24000014   Data           2  movecontroll.o(.data)
    InitStartTime                            0x24000018   Data           4  movecontroll.o(.data)
    last_tick                                0x2400001c   Data           4  movecontroll.o(.data)
    ramp_left                                0x24000020   Data           4  movecontroll.o(.data)
    ramp_right                               0x24000024   Data           4  movecontroll.o(.data)
    smaath_left                              0x24000028   Data           4  movecontroll.o(.data)
    smaath_right                             0x2400002c   Data           4  movecontroll.o(.data)
    init_start_time                          0x24000030   Data           4  movecontroll.o(.data)
    ramp_left                                0x24000034   Data           4  movecontroll.o(.data)
    ramp_right                               0x24000038   Data           4  movecontroll.o(.data)
    smooth_left                              0x2400003c   Data           4  movecontroll.o(.data)
    smooth_right                             0x24000040   Data           4  movecontroll.o(.data)
    v_x                                      0x24000044   Data           4  movecontroll.o(.data)
    w_z                                      0x24000048   Data           4  movecontroll.o(.data)
    last_nav_time                            0x2400004c   Data           4  movecontroll.o(.data)
    .data                                    0x24000050   Section       12  navcmd.o(.data)
    .data                                    0x2400005c   Section        1  navcmd.o(.data)
    .data                                    0x24000060   Section        8  candrive.o(.data)
    motor_started                            0x24000060   Data           1  candrive.o(.data)
    last_send_time                           0x24000064   Data           4  candrive.o(.data)
    .data                                    0x24000068   Section        4  bkmotor.o(.data)
    last_ctrl_ms                             0x24000068   Data           4  bkmotor.o(.data)
    .data                                    0x2400006c   Section       12  stm32h7xx_hal.o(.data)
    .data                                    0x24000078   Section        8  system_stm32h7xx.o(.data)
    .bss                                     0x24000080   Section      160  fdcan.o(.bss)
    .bss                                     0x24000120   Section      684  usart.o(.bss)
    .bss                                     0x240003cc   Section      512  sbus.o(.bss)
    sbus_rx_buf                              0x240003cc   Data         128  sbus.o(.bss)
    sbus_fifo                                0x2400044c   Data         256  sbus.o(.bss)
    sbus_frame_buf                           0x2400054c   Data          38  sbus.o(.bss)
    .bss                                     0x240005cc   Section       72  movecontroll.o(.bss)
    .bss                                     0x24000614   Section       82  navcmd.o(.bss)
    .bss                                     0x24000666   Section       41  navcmd.o(.bss)
    .bss                                     0x24000690   Section      264  candrive.o(.bss)
    .bss                                     0x24000798   Section       96  libspace.o(.bss)
    HEAP                                     0x240007f8   Section      512  startup_stm32h723xx.o(HEAP)
    Heap_Mem                                 0x240007f8   Data         512  startup_stm32h723xx.o(HEAP)
    STACK                                    0x240009f8   Section     1024  startup_stm32h723xx.o(STACK)
    Stack_Mem                                0x240009f8   Data        1024  startup_stm32h723xx.o(STACK)
    __initial_sp                             0x24000df8   Data           0  startup_stm32h723xx.o(STACK)

    Global Symbols

    Symbol Name                              Value     Ov Type        Size  Object(Section)

    BuildAttributes$$THM_ISAv4$E$P$D$K$B$S$7EM$VFPv5_D16$PE$PLD8$A:L22UL41UL21$X:L11$S22US41US21$IEEE1$IW$USESV6$~STKCKD$USESV7$~SHL$OTIME$ROPI$IEEEJ$EBA8$UX$STANDARDLIB$REQ8$PRES8$EABIv2 0x00000000   Number         0  anon$$obj.o ABSOLUTE
    __ARM_use_no_argv                        0x00000000   Number         0  main.o ABSOLUTE
    __ARM_exceptions_init                     - Undefined Weak Reference
    __alloca_initialize                       - Undefined Weak Reference
    __arm_fini_                               - Undefined Weak Reference
    __arm_preinit_                            - Undefined Weak Reference
    __cpp_initialize__aeabi_                  - Undefined Weak Reference
    __cxa_finalize                            - Undefined Weak Reference
    __rt_locale                               - Undefined Weak Reference
    __sigvec_lookup                           - Undefined Weak Reference
    _atexit_init                              - Undefined Weak Reference
    _call_atexit_fns                          - Undefined Weak Reference
    _clock_init                               - Undefined Weak Reference
    _fp_trap_init                             - Undefined Weak Reference
    _fp_trap_shutdown                         - Undefined Weak Reference
    _get_lc_collate                           - Undefined Weak Reference
    _get_lc_ctype                             - Undefined Weak Reference
    _get_lc_monetary                          - Undefined Weak Reference
    _get_lc_numeric                           - Undefined Weak Reference
    _get_lc_time                              - Undefined Weak Reference
    _getenv_init                              - Undefined Weak Reference
    _handle_redirection                       - Undefined Weak Reference
    _init_alloc                               - Undefined Weak Reference
    _init_user_alloc                          - Undefined Weak Reference
    _initio                                   - Undefined Weak Reference
    _rand_init                                - Undefined Weak Reference
    _signal_finish                            - Undefined Weak Reference
    _signal_init                              - Undefined Weak Reference
    _terminate_alloc                          - Undefined Weak Reference
    _terminate_user_alloc                     - Undefined Weak Reference
    _terminateio                              - Undefined Weak Reference
    __Vectors_Size                           0x000002cc   Number         0  startup_stm32h723xx.o ABSOLUTE
    __Vectors                                0x08000000   Data           4  startup_stm32h723xx.o(RESET)
    __Vectors_End                            0x080002cc   Data           0  startup_stm32h723xx.o(RESET)
    __main                                   0x080002cd   Thumb Code     8  __main.o(!!!main)
    __scatterload                            0x080002d5   Thumb Code     0  __scatter.o(!!!scatter)
    __scatterload_rt2                        0x080002d5   Thumb Code    44  __scatter.o(!!!scatter)
    __scatterload_rt2_thumb_only             0x080002d5   Thumb Code     0  __scatter.o(!!!scatter)
    __scatterload_null                       0x080002e3   Thumb Code     0  __scatter.o(!!!scatter)
    __scatterload_copy                       0x08000309   Thumb Code    26  __scatter_copy.o(!!handler_copy)
    __scatterload_zeroinit                   0x08000325   Thumb Code    28  __scatter_zi.o(!!handler_zi)
    __rt_lib_init                            0x08000341   Thumb Code     0  libinit.o(.ARM.Collect$$libinit$$00000000)
    __rt_lib_init_fp_1                       0x08000343   Thumb Code     0  libinit2.o(.ARM.Collect$$libinit$$00000001)
    __rt_lib_init_alloca_1                   0x08000347   Thumb Code     0  libinit2.o(.ARM.Collect$$libinit$$0000002E)
    __rt_lib_init_argv_1                     0x08000347   Thumb Code     0  libinit2.o(.ARM.Collect$$libinit$$0000002C)
    __rt_lib_init_atexit_1                   0x08000347   Thumb Code     0  libinit2.o(.ARM.Collect$$libinit$$0000001B)
    __rt_lib_init_clock_1                    0x08000347   Thumb Code     0  libinit2.o(.ARM.Collect$$libinit$$00000021)
    __rt_lib_init_cpp_1                      0x08000347   Thumb Code     0  libinit2.o(.ARM.Collect$$libinit$$00000032)
    __rt_lib_init_exceptions_1               0x08000347   Thumb Code     0  libinit2.o(.ARM.Collect$$libinit$$00000030)
    __rt_lib_init_fp_trap_1                  0x08000347   Thumb Code     0  libinit2.o(.ARM.Collect$$libinit$$0000001F)
    __rt_lib_init_getenv_1                   0x08000347   Thumb Code     0  libinit2.o(.ARM.Collect$$libinit$$00000023)
    __rt_lib_init_heap_1                     0x08000347   Thumb Code     0  libinit2.o(.ARM.Collect$$libinit$$0000000A)
    __rt_lib_init_lc_collate_1               0x08000347   Thumb Code     0  libinit2.o(.ARM.Collect$$libinit$$00000011)
    __rt_lib_init_lc_ctype_1                 0x08000347   Thumb Code     0  libinit2.o(.ARM.Collect$$libinit$$00000013)
    __rt_lib_init_lc_monetary_1              0x08000347   Thumb Code     0  libinit2.o(.ARM.Collect$$libinit$$00000015)
    __rt_lib_init_lc_numeric_1               0x08000347   Thumb Code     0  libinit2.o(.ARM.Collect$$libinit$$00000017)
    __rt_lib_init_lc_time_1                  0x08000347   Thumb Code     0  libinit2.o(.ARM.Collect$$libinit$$00000019)
    __rt_lib_init_preinit_1                  0x08000347   Thumb Code     0  libinit2.o(.ARM.Collect$$libinit$$00000004)
    __rt_lib_init_rand_1                     0x08000347   Thumb Code     0  libinit2.o(.ARM.Collect$$libinit$$0000000E)
    __rt_lib_init_return                     0x08000347   Thumb Code     0  libinit2.o(.ARM.Collect$$libinit$$00000033)
    __rt_lib_init_signal_1                   0x08000347   Thumb Code     0  libinit2.o(.ARM.Collect$$libinit$$0000001D)
    __rt_lib_init_stdio_1                    0x08000347   Thumb Code     0  libinit2.o(.ARM.Collect$$libinit$$00000025)
    __rt_lib_init_user_alloc_1               0x08000347   Thumb Code     0  libinit2.o(.ARM.Collect$$libinit$$0000000C)
    __rt_lib_shutdown                        0x08000349   Thumb Code     0  libshutdown.o(.ARM.Collect$$libshutdown$$00000000)
    __rt_lib_shutdown_cpp_1                  0x0800034b   Thumb Code     0  libshutdown2.o(.ARM.Collect$$libshutdown$$00000004)
    __rt_lib_shutdown_fini_1                 0x0800034b   Thumb Code     0  libshutdown2.o(.ARM.Collect$$libshutdown$$00000002)
    __rt_lib_shutdown_fp_trap_1              0x0800034b   Thumb Code     0  libshutdown2.o(.ARM.Collect$$libshutdown$$00000009)
    __rt_lib_shutdown_heap_1                 0x0800034b   Thumb Code     0  libshutdown2.o(.ARM.Collect$$libshutdown$$00000011)
    __rt_lib_shutdown_return                 0x0800034b   Thumb Code     0  libshutdown2.o(.ARM.Collect$$libshutdown$$00000012)
    __rt_lib_shutdown_signal_1               0x0800034b   Thumb Code     0  libshutdown2.o(.ARM.Collect$$libshutdown$$0000000C)
    __rt_lib_shutdown_stdio_1                0x0800034b   Thumb Code     0  libshutdown2.o(.ARM.Collect$$libshutdown$$00000006)
    __rt_lib_shutdown_user_alloc_1           0x0800034b   Thumb Code     0  libshutdown2.o(.ARM.Collect$$libshutdown$$0000000E)
    __rt_entry                               0x0800034d   Thumb Code     0  __rtentry.o(.ARM.Collect$$rtentry$$00000000)
    __rt_entry_presh_1                       0x0800034d   Thumb Code     0  __rtentry2.o(.ARM.Collect$$rtentry$$00000002)
    __rt_entry_sh                            0x0800034d   Thumb Code     0  __rtentry4.o(.ARM.Collect$$rtentry$$00000004)
    __rt_entry_li                            0x08000353   Thumb Code     0  __rtentry2.o(.ARM.Collect$$rtentry$$0000000A)
    __rt_entry_postsh_1                      0x08000353   Thumb Code     0  __rtentry2.o(.ARM.Collect$$rtentry$$00000009)
    __rt_entry_main                          0x08000357   Thumb Code     0  __rtentry2.o(.ARM.Collect$$rtentry$$0000000D)
    __rt_entry_postli_1                      0x08000357   Thumb Code     0  __rtentry2.o(.ARM.Collect$$rtentry$$0000000C)
    __rt_exit                                0x0800035f   Thumb Code     0  rtexit.o(.ARM.Collect$$rtexit$$00000000)
    __rt_exit_ls                             0x08000361   Thumb Code     0  rtexit2.o(.ARM.Collect$$rtexit$$00000003)
    __rt_exit_prels_1                        0x08000361   Thumb Code     0  rtexit2.o(.ARM.Collect$$rtexit$$00000002)
    __rt_exit_exit                           0x08000365   Thumb Code     0  rtexit2.o(.ARM.Collect$$rtexit$$00000004)
    Reset_Handler                            0x0800036d   Thumb Code    12  startup_stm32h723xx.o(.text)
    ADC3_IRQHandler                          0x0800038b   Thumb Code     0  startup_stm32h723xx.o(.text)
    ADC_IRQHandler                           0x0800038b   Thumb Code     0  startup_stm32h723xx.o(.text)
    BDMA_Channel0_IRQHandler                 0x0800038b   Thumb Code     0  startup_stm32h723xx.o(.text)
    BDMA_Channel1_IRQHandler                 0x0800038b   Thumb Code     0  startup_stm32h723xx.o(.text)
    BDMA_Channel2_IRQHandler                 0x0800038b   Thumb Code     0  startup_stm32h723xx.o(.text)
    BDMA_Channel3_IRQHandler                 0x0800038b   Thumb Code     0  startup_stm32h723xx.o(.text)
    BDMA_Channel4_IRQHandler                 0x0800038b   Thumb Code     0  startup_stm32h723xx.o(.text)
    BDMA_Channel5_IRQHandler                 0x0800038b   Thumb Code     0  startup_stm32h723xx.o(.text)
    BDMA_Channel6_IRQHandler                 0x0800038b   Thumb Code     0  startup_stm32h723xx.o(.text)
    BDMA_Channel7_IRQHandler                 0x0800038b   Thumb Code     0  startup_stm32h723xx.o(.text)
    CEC_IRQHandler                           0x0800038b   Thumb Code     0  startup_stm32h723xx.o(.text)
    COMP1_IRQHandler                         0x0800038b   Thumb Code     0  startup_stm32h723xx.o(.text)
    CORDIC_IRQHandler                        0x0800038b   Thumb Code     0  startup_stm32h723xx.o(.text)
    CRS_IRQHandler                           0x0800038b   Thumb Code     0  startup_stm32h723xx.o(.text)
    DCMI_PSSI_IRQHandler                     0x0800038b   Thumb Code     0  startup_stm32h723xx.o(.text)
    DFSDM1_FLT0_IRQHandler                   0x0800038b   Thumb Code     0  startup_stm32h723xx.o(.text)
    DFSDM1_FLT1_IRQHandler                   0x0800038b   Thumb Code     0  startup_stm32h723xx.o(.text)
    DFSDM1_FLT2_IRQHandler                   0x0800038b   Thumb Code     0  startup_stm32h723xx.o(.text)
    DFSDM1_FLT3_IRQHandler                   0x0800038b   Thumb Code     0  startup_stm32h723xx.o(.text)
    DMA1_Stream2_IRQHandler                  0x0800038b   Thumb Code     0  startup_stm32h723xx.o(.text)
    DMA1_Stream3_IRQHandler                  0x0800038b   Thumb Code     0  startup_stm32h723xx.o(.text)
    DMA1_Stream4_IRQHandler                  0x0800038b   Thumb Code     0  startup_stm32h723xx.o(.text)
    DMA1_Stream5_IRQHandler                  0x0800038b   Thumb Code     0  startup_stm32h723xx.o(.text)
    DMA1_Stream6_IRQHandler                  0x0800038b   Thumb Code     0  startup_stm32h723xx.o(.text)
    DMA1_Stream7_IRQHandler                  0x0800038b   Thumb Code     0  startup_stm32h723xx.o(.text)
    DMA2D_IRQHandler                         0x0800038b   Thumb Code     0  startup_stm32h723xx.o(.text)
    DMA2_Stream0_IRQHandler                  0x0800038b   Thumb Code     0  startup_stm32h723xx.o(.text)
    DMA2_Stream1_IRQHandler                  0x0800038b   Thumb Code     0  startup_stm32h723xx.o(.text)
    DMA2_Stream2_IRQHandler                  0x0800038b   Thumb Code     0  startup_stm32h723xx.o(.text)
    DMA2_Stream3_IRQHandler                  0x0800038b   Thumb Code     0  startup_stm32h723xx.o(.text)
    DMA2_Stream4_IRQHandler                  0x0800038b   Thumb Code     0  startup_stm32h723xx.o(.text)
    DMA2_Stream5_IRQHandler                  0x0800038b   Thumb Code     0  startup_stm32h723xx.o(.text)
    DMA2_Stream6_IRQHandler                  0x0800038b   Thumb Code     0  startup_stm32h723xx.o(.text)
    DMA2_Stream7_IRQHandler                  0x0800038b   Thumb Code     0  startup_stm32h723xx.o(.text)
    DMAMUX1_OVR_IRQHandler                   0x0800038b   Thumb Code     0  startup_stm32h723xx.o(.text)
    DMAMUX2_OVR_IRQHandler                   0x0800038b   Thumb Code     0  startup_stm32h723xx.o(.text)
    DTS_IRQHandler                           0x0800038b   Thumb Code     0  startup_stm32h723xx.o(.text)
    ECC_IRQHandler                           0x0800038b   Thumb Code     0  startup_stm32h723xx.o(.text)
    ETH_IRQHandler                           0x0800038b   Thumb Code     0  startup_stm32h723xx.o(.text)
    ETH_WKUP_IRQHandler                      0x0800038b   Thumb Code     0  startup_stm32h723xx.o(.text)
    EXTI0_IRQHandler                         0x0800038b   Thumb Code     0  startup_stm32h723xx.o(.text)
    EXTI15_10_IRQHandler                     0x0800038b   Thumb Code     0  startup_stm32h723xx.o(.text)
    EXTI1_IRQHandler                         0x0800038b   Thumb Code     0  startup_stm32h723xx.o(.text)
    EXTI2_IRQHandler                         0x0800038b   Thumb Code     0  startup_stm32h723xx.o(.text)
    EXTI3_IRQHandler                         0x0800038b   Thumb Code     0  startup_stm32h723xx.o(.text)
    EXTI4_IRQHandler                         0x0800038b   Thumb Code     0  startup_stm32h723xx.o(.text)
    EXTI9_5_IRQHandler                       0x0800038b   Thumb Code     0  startup_stm32h723xx.o(.text)
    FDCAN2_IT0_IRQHandler                    0x0800038b   Thumb Code     0  startup_stm32h723xx.o(.text)
    FDCAN2_IT1_IRQHandler                    0x0800038b   Thumb Code     0  startup_stm32h723xx.o(.text)
    FDCAN3_IT0_IRQHandler                    0x0800038b   Thumb Code     0  startup_stm32h723xx.o(.text)
    FDCAN3_IT1_IRQHandler                    0x0800038b   Thumb Code     0  startup_stm32h723xx.o(.text)
    FDCAN_CAL_IRQHandler                     0x0800038b   Thumb Code     0  startup_stm32h723xx.o(.text)
    FLASH_IRQHandler                         0x0800038b   Thumb Code     0  startup_stm32h723xx.o(.text)
    FMAC_IRQHandler                          0x0800038b   Thumb Code     0  startup_stm32h723xx.o(.text)
    FMC_IRQHandler                           0x0800038b   Thumb Code     0  startup_stm32h723xx.o(.text)
    FPU_IRQHandler                           0x0800038b   Thumb Code     0  startup_stm32h723xx.o(.text)
    HSEM1_IRQHandler                         0x0800038b   Thumb Code     0  startup_stm32h723xx.o(.text)
    I2C1_ER_IRQHandler                       0x0800038b   Thumb Code     0  startup_stm32h723xx.o(.text)
    I2C1_EV_IRQHandler                       0x0800038b   Thumb Code     0  startup_stm32h723xx.o(.text)
    I2C2_ER_IRQHandler                       0x0800038b   Thumb Code     0  startup_stm32h723xx.o(.text)
    I2C2_EV_IRQHandler                       0x0800038b   Thumb Code     0  startup_stm32h723xx.o(.text)
    I2C3_ER_IRQHandler                       0x0800038b   Thumb Code     0  startup_stm32h723xx.o(.text)
    I2C3_EV_IRQHandler                       0x0800038b   Thumb Code     0  startup_stm32h723xx.o(.text)
    I2C4_ER_IRQHandler                       0x0800038b   Thumb Code     0  startup_stm32h723xx.o(.text)
    I2C4_EV_IRQHandler                       0x0800038b   Thumb Code     0  startup_stm32h723xx.o(.text)
    I2C5_ER_IRQHandler                       0x0800038b   Thumb Code     0  startup_stm32h723xx.o(.text)
    I2C5_EV_IRQHandler                       0x0800038b   Thumb Code     0  startup_stm32h723xx.o(.text)
    LPTIM1_IRQHandler                        0x0800038b   Thumb Code     0  startup_stm32h723xx.o(.text)
    LPTIM2_IRQHandler                        0x0800038b   Thumb Code     0  startup_stm32h723xx.o(.text)
    LPTIM3_IRQHandler                        0x0800038b   Thumb Code     0  startup_stm32h723xx.o(.text)
    LPTIM4_IRQHandler                        0x0800038b   Thumb Code     0  startup_stm32h723xx.o(.text)
    LPTIM5_IRQHandler                        0x0800038b   Thumb Code     0  startup_stm32h723xx.o(.text)
    LPUART1_IRQHandler                       0x0800038b   Thumb Code     0  startup_stm32h723xx.o(.text)
    LTDC_ER_IRQHandler                       0x0800038b   Thumb Code     0  startup_stm32h723xx.o(.text)
    LTDC_IRQHandler                          0x0800038b   Thumb Code     0  startup_stm32h723xx.o(.text)
    MDIOS_IRQHandler                         0x0800038b   Thumb Code     0  startup_stm32h723xx.o(.text)
    MDIOS_WKUP_IRQHandler                    0x0800038b   Thumb Code     0  startup_stm32h723xx.o(.text)
    MDMA_IRQHandler                          0x0800038b   Thumb Code     0  startup_stm32h723xx.o(.text)
    OCTOSPI1_IRQHandler                      0x0800038b   Thumb Code     0  startup_stm32h723xx.o(.text)
    OCTOSPI2_IRQHandler                      0x0800038b   Thumb Code     0  startup_stm32h723xx.o(.text)
    OTG_HS_EP1_IN_IRQHandler                 0x0800038b   Thumb Code     0  startup_stm32h723xx.o(.text)
    OTG_HS_EP1_OUT_IRQHandler                0x0800038b   Thumb Code     0  startup_stm32h723xx.o(.text)
    OTG_HS_IRQHandler                        0x0800038b   Thumb Code     0  startup_stm32h723xx.o(.text)
    OTG_HS_WKUP_IRQHandler                   0x0800038b   Thumb Code     0  startup_stm32h723xx.o(.text)
    PVD_AVD_IRQHandler                       0x0800038b   Thumb Code     0  startup_stm32h723xx.o(.text)
    RCC_IRQHandler                           0x0800038b   Thumb Code     0  startup_stm32h723xx.o(.text)
    RNG_IRQHandler                           0x0800038b   Thumb Code     0  startup_stm32h723xx.o(.text)
    RTC_Alarm_IRQHandler                     0x0800038b   Thumb Code     0  startup_stm32h723xx.o(.text)
    RTC_WKUP_IRQHandler                      0x0800038b   Thumb Code     0  startup_stm32h723xx.o(.text)
    SAI1_IRQHandler                          0x0800038b   Thumb Code     0  startup_stm32h723xx.o(.text)
    SAI4_IRQHandler                          0x0800038b   Thumb Code     0  startup_stm32h723xx.o(.text)
    SDMMC1_IRQHandler                        0x0800038b   Thumb Code     0  startup_stm32h723xx.o(.text)
    SDMMC2_IRQHandler                        0x0800038b   Thumb Code     0  startup_stm32h723xx.o(.text)
    SPDIF_RX_IRQHandler                      0x0800038b   Thumb Code     0  startup_stm32h723xx.o(.text)
    SPI1_IRQHandler                          0x0800038b   Thumb Code     0  startup_stm32h723xx.o(.text)
    SPI2_IRQHandler                          0x0800038b   Thumb Code     0  startup_stm32h723xx.o(.text)
    SPI3_IRQHandler                          0x0800038b   Thumb Code     0  startup_stm32h723xx.o(.text)
    SPI4_IRQHandler                          0x0800038b   Thumb Code     0  startup_stm32h723xx.o(.text)
    SPI5_IRQHandler                          0x0800038b   Thumb Code     0  startup_stm32h723xx.o(.text)
    SPI6_IRQHandler                          0x0800038b   Thumb Code     0  startup_stm32h723xx.o(.text)
    SWPMI1_IRQHandler                        0x0800038b   Thumb Code     0  startup_stm32h723xx.o(.text)
    TAMP_STAMP_IRQHandler                    0x0800038b   Thumb Code     0  startup_stm32h723xx.o(.text)
    TIM15_IRQHandler                         0x0800038b   Thumb Code     0  startup_stm32h723xx.o(.text)
    TIM16_IRQHandler                         0x0800038b   Thumb Code     0  startup_stm32h723xx.o(.text)
    TIM17_IRQHandler                         0x0800038b   Thumb Code     0  startup_stm32h723xx.o(.text)
    TIM1_BRK_IRQHandler                      0x0800038b   Thumb Code     0  startup_stm32h723xx.o(.text)
    TIM1_CC_IRQHandler                       0x0800038b   Thumb Code     0  startup_stm32h723xx.o(.text)
    TIM1_TRG_COM_IRQHandler                  0x0800038b   Thumb Code     0  startup_stm32h723xx.o(.text)
    TIM1_UP_IRQHandler                       0x0800038b   Thumb Code     0  startup_stm32h723xx.o(.text)
    TIM23_IRQHandler                         0x0800038b   Thumb Code     0  startup_stm32h723xx.o(.text)
    TIM24_IRQHandler                         0x0800038b   Thumb Code     0  startup_stm32h723xx.o(.text)
    TIM2_IRQHandler                          0x0800038b   Thumb Code     0  startup_stm32h723xx.o(.text)
    TIM3_IRQHandler                          0x0800038b   Thumb Code     0  startup_stm32h723xx.o(.text)
    TIM4_IRQHandler                          0x0800038b   Thumb Code     0  startup_stm32h723xx.o(.text)
    TIM5_IRQHandler                          0x0800038b   Thumb Code     0  startup_stm32h723xx.o(.text)
    TIM6_DAC_IRQHandler                      0x0800038b   Thumb Code     0  startup_stm32h723xx.o(.text)
    TIM7_IRQHandler                          0x0800038b   Thumb Code     0  startup_stm32h723xx.o(.text)
    TIM8_BRK_TIM12_IRQHandler                0x0800038b   Thumb Code     0  startup_stm32h723xx.o(.text)
    TIM8_CC_IRQHandler                       0x0800038b   Thumb Code     0  startup_stm32h723xx.o(.text)
    TIM8_TRG_COM_TIM14_IRQHandler            0x0800038b   Thumb Code     0  startup_stm32h723xx.o(.text)
    TIM8_UP_TIM13_IRQHandler                 0x0800038b   Thumb Code     0  startup_stm32h723xx.o(.text)
    UART4_IRQHandler                         0x0800038b   Thumb Code     0  startup_stm32h723xx.o(.text)
    UART5_IRQHandler                         0x0800038b   Thumb Code     0  startup_stm32h723xx.o(.text)
    UART7_IRQHandler                         0x0800038b   Thumb Code     0  startup_stm32h723xx.o(.text)
    UART8_IRQHandler                         0x0800038b   Thumb Code     0  startup_stm32h723xx.o(.text)
    UART9_IRQHandler                         0x0800038b   Thumb Code     0  startup_stm32h723xx.o(.text)
    USART10_IRQHandler                       0x0800038b   Thumb Code     0  startup_stm32h723xx.o(.text)
    USART2_IRQHandler                        0x0800038b   Thumb Code     0  startup_stm32h723xx.o(.text)
    WAKEUP_PIN_IRQHandler                    0x0800038b   Thumb Code     0  startup_stm32h723xx.o(.text)
    WWDG_IRQHandler                          0x0800038b   Thumb Code     0  startup_stm32h723xx.o(.text)
    __user_initial_stackheap                 0x0800038d   Thumb Code     0  startup_stm32h723xx.o(.text)
    __aeabi_uldivmod                         0x080003b5   Thumb Code     0  lludivv7m.o(.text)
    _ll_udiv                                 0x080003b5   Thumb Code   238  lludivv7m.o(.text)
    __aeabi_memcpy                           0x080004a3   Thumb Code     0  rt_memcpy_v6.o(.text)
    __rt_memcpy                              0x080004a3   Thumb Code   138  rt_memcpy_v6.o(.text)
    _memcpy_lastbytes                        0x08000509   Thumb Code     0  rt_memcpy_v6.o(.text)
    __aeabi_memcpy4                          0x0800052d   Thumb Code     0  rt_memcpy_w.o(.text)
    __aeabi_memcpy8                          0x0800052d   Thumb Code     0  rt_memcpy_w.o(.text)
    __rt_memcpy_w                            0x0800052d   Thumb Code   100  rt_memcpy_w.o(.text)
    _memcpy_lastbytes_aligned                0x08000575   Thumb Code     0  rt_memcpy_w.o(.text)
    __aeabi_memclr4                          0x08000591   Thumb Code     0  rt_memclr_w.o(.text)
    __aeabi_memclr8                          0x08000591   Thumb Code     0  rt_memclr_w.o(.text)
    __rt_memclr_w                            0x08000591   Thumb Code    78  rt_memclr_w.o(.text)
    _memset_w                                0x08000595   Thumb Code     0  rt_memclr_w.o(.text)
    __use_two_region_memory                  0x080005df   Thumb Code     2  heapauxi.o(.text)
    __rt_heap_escrow$2region                 0x080005e1   Thumb Code     2  heapauxi.o(.text)
    __rt_heap_expand$2region                 0x080005e3   Thumb Code     2  heapauxi.o(.text)
    __user_setup_stackheap                   0x080005e5   Thumb Code    74  sys_stackheap_outer.o(.text)
    exit                                     0x0800062f   Thumb Code    18  exit.o(.text)
    __user_libspace                          0x08000641   Thumb Code     8  libspace.o(.text)
    __user_perproc_libspace                  0x08000641   Thumb Code     0  libspace.o(.text)
    __user_perthread_libspace                0x08000641   Thumb Code     0  libspace.o(.text)
    _sys_exit                                0x08000649   Thumb Code     8  sys_exit.o(.text)
    __I$use$semihosting                      0x08000655   Thumb Code     0  use_no_semi.o(.text)
    __use_no_semihosting_swi                 0x08000655   Thumb Code     2  use_no_semi.o(.text)
    BusFault_Handler                         0x08000657   Thumb Code     2  stm32h7xx_it.o(i.BusFault_Handler)
    __semihosting_library_function           0x08000657   Thumb Code     0  indicate_semi.o(.text)
    CAN_Send_StartNode                       0x08000731   Thumb Code    22  candrive.o(i.CAN_Send_StartNode)
    CAN_Send_StdDataFrame                    0x08000751   Thumb Code    44  candrive.o(i.CAN_Send_StdDataFrame)
    Can_Send_Dec_Big_Endian                  0x08000781   Thumb Code     4  candrive.o(i.Can_Send_Dec_Big_Endian)
    Can_Send_Dec_Little_Endian               0x08000785   Thumb Code    44  candrive.o(i.Can_Send_Dec_Little_Endian)
    ControlLoop_Init                         0x080007b1   Thumb Code   142  movecontroll.o(i.ControlLoop_Init)
    DMA1_Stream0_IRQHandler                  0x08000851   Thumb Code     6  stm32h7xx_it.o(i.DMA1_Stream0_IRQHandler)
    DMA1_Stream1_IRQHandler                  0x0800085d   Thumb Code     6  stm32h7xx_it.o(i.DMA1_Stream1_IRQHandler)
    DebugMon_Handler                         0x08000ca1   Thumb Code     2  stm32h7xx_it.o(i.DebugMon_Handler)
    DiffMove_Controller                      0x08000ca5   Thumb Code   416  movecontroll.o(i.DiffMove_Controller)
    DiffMove_LiDAR                           0x08000e6d   Thumb Code   538  movecontroll.o(i.DiffMove_LiDAR)
    Error_Handler                            0x080010b5   Thumb Code     4  main.o(i.Error_Handler)
    ExitRun0Mode                             0x080010b9   Thumb Code    22  system_stm32h7xx.o(i.ExitRun0Mode)
    FDCAN1_IT0_IRQHandler                    0x080010d5   Thumb Code     6  stm32h7xx_it.o(i.FDCAN1_IT0_IRQHandler)
    FDCAN1_IT1_IRQHandler                    0x080010e1   Thumb Code     6  stm32h7xx_it.o(i.FDCAN1_IT1_IRQHandler)
    FDCAN1_UserInit                          0x080010ed   Thumb Code    56  candrive.o(i.FDCAN1_UserInit)
    HAL_DMA_Abort                            0x0800136d   Thumb Code   836  stm32h7xx_hal_dma.o(i.HAL_DMA_Abort)
    HAL_DMA_Abort_IT                         0x080016cd   Thumb Code   498  stm32h7xx_hal_dma.o(i.HAL_DMA_Abort_IT)
    HAL_DMA_GetError                         0x080018e9   Thumb Code     4  stm32h7xx_hal_dma.o(i.HAL_DMA_GetError)
    HAL_DMA_IRQHandler                       0x080018ed   Thumb Code  1756  stm32h7xx_hal_dma.o(i.HAL_DMA_IRQHandler)
    HAL_DMA_Init                             0x08001fd5   Thumb Code   922  stm32h7xx_hal_dma.o(i.HAL_DMA_Init)
    HAL_DMA_Start_IT                         0x08002391   Thumb Code   628  stm32h7xx_hal_dma.o(i.HAL_DMA_Start_IT)
    HAL_FDCAN_ActivateNotification           0x0800262d   Thumb Code   126  stm32h7xx_hal_fdcan.o(i.HAL_FDCAN_ActivateNotification)
    HAL_FDCAN_AddMessageToTxFifoQ            0x080026b5   Thumb Code   102  stm32h7xx_hal_fdcan.o(i.HAL_FDCAN_AddMessageToTxFifoQ)
    HAL_FDCAN_ClockCalibrationCallback       0x0800271b   Thumb Code     2  stm32h7xx_hal_fdcan.o(i.HAL_FDCAN_ClockCalibrationCallback)
    HAL_FDCAN_ConfigFilter                   0x0800271d   Thumb Code   126  stm32h7xx_hal_fdcan.o(i.HAL_FDCAN_ConfigFilter)
    HAL_FDCAN_ErrorCallback                  0x0800279b   Thumb Code     2  stm32h7xx_hal_fdcan.o(i.HAL_FDCAN_ErrorCallback)
    HAL_FDCAN_ErrorStatusCallback            0x0800279d   Thumb Code     2  stm32h7xx_hal_fdcan.o(i.HAL_FDCAN_ErrorStatusCallback)
    HAL_FDCAN_GetRxMessage                   0x080027a1   Thumb Code   412  stm32h7xx_hal_fdcan.o(i.HAL_FDCAN_GetRxMessage)
    HAL_FDCAN_HighPriorityMessageCallback    0x08002941   Thumb Code     2  stm32h7xx_hal_fdcan.o(i.HAL_FDCAN_HighPriorityMessageCallback)
    HAL_FDCAN_IRQHandler                     0x08002945   Thumb Code   788  stm32h7xx_hal_fdcan.o(i.HAL_FDCAN_IRQHandler)
    HAL_FDCAN_Init                           0x08002c65   Thumb Code   572  stm32h7xx_hal_fdcan.o(i.HAL_FDCAN_Init)
    HAL_FDCAN_MspInit                        0x08002ea9   Thumb Code   156  fdcan.o(i.HAL_FDCAN_MspInit)
    HAL_FDCAN_RxBufferNewMessageCallback     0x08002f51   Thumb Code     2  stm32h7xx_hal_fdcan.o(i.HAL_FDCAN_RxBufferNewMessageCallback)
    HAL_FDCAN_RxFifo0Callback                0x08002f55   Thumb Code   636  candrive.o(i.HAL_FDCAN_RxFifo0Callback)
    HAL_FDCAN_RxFifo1Callback                0x080031d9   Thumb Code     2  stm32h7xx_hal_fdcan.o(i.HAL_FDCAN_RxFifo1Callback)
    HAL_FDCAN_Start                          0x080031db   Thumb Code    50  stm32h7xx_hal_fdcan.o(i.HAL_FDCAN_Start)
    HAL_FDCAN_TT_GlobalTimeCallback          0x0800320d   Thumb Code     2  stm32h7xx_hal_fdcan.o(i.HAL_FDCAN_TT_GlobalTimeCallback)
    HAL_FDCAN_TT_ScheduleSyncCallback        0x0800320f   Thumb Code     2  stm32h7xx_hal_fdcan.o(i.HAL_FDCAN_TT_ScheduleSyncCallback)
    HAL_FDCAN_TT_StopWatchCallback           0x08003211   Thumb Code     2  stm32h7xx_hal_fdcan.o(i.HAL_FDCAN_TT_StopWatchCallback)
    HAL_FDCAN_TT_TimeMarkCallback            0x08003213   Thumb Code     2  stm32h7xx_hal_fdcan.o(i.HAL_FDCAN_TT_TimeMarkCallback)
    HAL_FDCAN_TimeoutOccurredCallback        0x08003215   Thumb Code     2  stm32h7xx_hal_fdcan.o(i.HAL_FDCAN_TimeoutOccurredCallback)
    HAL_FDCAN_TimestampWraparoundCallback    0x08003217   Thumb Code     2  stm32h7xx_hal_fdcan.o(i.HAL_FDCAN_TimestampWraparoundCallback)
    HAL_FDCAN_TxBufferAbortCallback          0x08003219   Thumb Code     2  stm32h7xx_hal_fdcan.o(i.HAL_FDCAN_TxBufferAbortCallback)
    HAL_FDCAN_TxBufferCompleteCallback       0x0800321b   Thumb Code     2  stm32h7xx_hal_fdcan.o(i.HAL_FDCAN_TxBufferCompleteCallback)
    HAL_FDCAN_TxEventFifoCallback            0x0800321d   Thumb Code     2  stm32h7xx_hal_fdcan.o(i.HAL_FDCAN_TxEventFifoCallback)
    HAL_FDCAN_TxFifoEmptyCallback            0x0800321f   Thumb Code     2  stm32h7xx_hal_fdcan.o(i.HAL_FDCAN_TxFifoEmptyCallback)
    HAL_GPIO_Init                            0x08003221   Thumb Code   502  stm32h7xx_hal_gpio.o(i.HAL_GPIO_Init)
    HAL_GPIO_WritePin                        0x08003445   Thumb Code    10  stm32h7xx_hal_gpio.o(i.HAL_GPIO_WritePin)
    HAL_GetTick                              0x08003451   Thumb Code     6  stm32h7xx_hal.o(i.HAL_GetTick)
    HAL_IncTick                              0x0800345d   Thumb Code    12  stm32h7xx_hal.o(i.HAL_IncTick)
    HAL_Init                                 0x0800346d   Thumb Code    74  stm32h7xx_hal.o(i.HAL_Init)
    HAL_InitTick                             0x080034c9   Thumb Code    56  stm32h7xx_hal.o(i.HAL_InitTick)
    HAL_MPU_ConfigRegion                     0x08003509   Thumb Code    86  stm32h7xx_hal_cortex.o(i.HAL_MPU_ConfigRegion)
    HAL_MPU_Disable                          0x08003565   Thumb Code    24  stm32h7xx_hal_cortex.o(i.HAL_MPU_Disable)
    HAL_MPU_Enable                           0x08003581   Thumb Code    30  stm32h7xx_hal_cortex.o(i.HAL_MPU_Enable)
    HAL_MspInit                              0x080035a5   Thumb Code    22  stm32h7xx_hal_msp.o(i.HAL_MspInit)
    HAL_NVIC_EnableIRQ                       0x080035c1   Thumb Code    26  stm32h7xx_hal_cortex.o(i.HAL_NVIC_EnableIRQ)
    HAL_NVIC_SetPriority                     0x080035dd   Thumb Code    60  stm32h7xx_hal_cortex.o(i.HAL_NVIC_SetPriority)
    HAL_NVIC_SetPriorityGrouping             0x0800361d   Thumb Code    28  stm32h7xx_hal_cortex.o(i.HAL_NVIC_SetPriorityGrouping)
    HAL_PWREx_ConfigSupply                   0x08003641   Thumb Code    78  stm32h7xx_hal_pwr_ex.o(i.HAL_PWREx_ConfigSupply)
    HAL_RCCEx_GetD3PCLK1Freq                 0x08003695   Thumb Code    26  stm32h7xx_hal_rcc_ex.o(i.HAL_RCCEx_GetD3PCLK1Freq)
    HAL_RCCEx_GetPLL2ClockFreq               0x080036b9   Thumb Code   296  stm32h7xx_hal_rcc_ex.o(i.HAL_RCCEx_GetPLL2ClockFreq)
    HAL_RCCEx_GetPLL3ClockFreq               0x080037fd   Thumb Code   296  stm32h7xx_hal_rcc_ex.o(i.HAL_RCCEx_GetPLL3ClockFreq)
    HAL_RCCEx_PeriphCLKConfig                0x08003941   Thumb Code  2362  stm32h7xx_hal_rcc_ex.o(i.HAL_RCCEx_PeriphCLKConfig)
    HAL_RCC_ClockConfig                      0x0800427d   Thumb Code   580  stm32h7xx_hal_rcc.o(i.HAL_RCC_ClockConfig)
    HAL_RCC_GetHCLKFreq                      0x080044d9   Thumb Code    52  stm32h7xx_hal_rcc.o(i.HAL_RCC_GetHCLKFreq)
    HAL_RCC_GetPCLK1Freq                     0x0800451d   Thumb Code    26  stm32h7xx_hal_rcc.o(i.HAL_RCC_GetPCLK1Freq)
    HAL_RCC_GetPCLK2Freq                     0x08004541   Thumb Code    26  stm32h7xx_hal_rcc.o(i.HAL_RCC_GetPCLK2Freq)
    HAL_RCC_GetSysClockFreq                  0x08004565   Thumb Code   278  stm32h7xx_hal_rcc.o(i.HAL_RCC_GetSysClockFreq)
    HAL_RCC_OscConfig                        0x0800469d   Thumb Code  1318  stm32h7xx_hal_rcc.o(i.HAL_RCC_OscConfig)
    HAL_SYSTICK_Config                       0x08004bc3   Thumb Code    38  stm32h7xx_hal_cortex.o(i.HAL_SYSTICK_Config)
    HAL_UARTEx_DisableFifoMode               0x08004be9   Thumb Code    64  stm32h7xx_hal_uart_ex.o(i.HAL_UARTEx_DisableFifoMode)
    HAL_UARTEx_ReceiveToIdle_DMA             0x08004c29   Thumb Code    74  stm32h7xx_hal_uart_ex.o(i.HAL_UARTEx_ReceiveToIdle_DMA)
    HAL_UARTEx_RxEventCallback               0x08004c75   Thumb Code   122  sbus.o(i.HAL_UARTEx_RxEventCallback)
    HAL_UARTEx_RxFifoFullCallback            0x08004cfd   Thumb Code     2  stm32h7xx_hal_uart_ex.o(i.HAL_UARTEx_RxFifoFullCallback)
    HAL_UARTEx_SetRxFifoThreshold            0x08004cff   Thumb Code    76  stm32h7xx_hal_uart_ex.o(i.HAL_UARTEx_SetRxFifoThreshold)
    HAL_UARTEx_SetTxFifoThreshold            0x08004d4b   Thumb Code    76  stm32h7xx_hal_uart_ex.o(i.HAL_UARTEx_SetTxFifoThreshold)
    HAL_UARTEx_TxFifoEmptyCallback           0x08004d97   Thumb Code     2  stm32h7xx_hal_uart_ex.o(i.HAL_UARTEx_TxFifoEmptyCallback)
    HAL_UARTEx_WakeupCallback                0x08004d99   Thumb Code     2  stm32h7xx_hal_uart_ex.o(i.HAL_UARTEx_WakeupCallback)
    HAL_UART_AbortReceive                    0x08004d9d   Thumb Code   164  stm32h7xx_hal_uart.o(i.HAL_UART_AbortReceive)
    HAL_UART_ErrorCallback                   0x08004e45   Thumb Code    78  sbus.o(i.HAL_UART_ErrorCallback)
    HAL_UART_IRQHandler                      0x08004e9d   Thumb Code   898  stm32h7xx_hal_uart.o(i.HAL_UART_IRQHandler)
    HAL_UART_Init                            0x08005239   Thumb Code   106  stm32h7xx_hal_uart.o(i.HAL_UART_Init)
    HAL_UART_MspInit                         0x080052a5   Thumb Code   454  usart.o(i.HAL_UART_MspInit)
    HAL_UART_Receive_IT                      0x08005491   Thumb Code    66  stm32h7xx_hal_uart.o(i.HAL_UART_Receive_IT)
    HAL_UART_RxCpltCallback                  0x080054d9   Thumb Code    34  usart.o(i.HAL_UART_RxCpltCallback)
    HAL_UART_RxHalfCpltCallback              0x08005509   Thumb Code     2  stm32h7xx_hal_uart.o(i.HAL_UART_RxHalfCpltCallback)
    HAL_UART_TxCpltCallback                  0x0800550b   Thumb Code     2  stm32h7xx_hal_uart.o(i.HAL_UART_TxCpltCallback)
    HardFault_Handler                        0x0800550d   Thumb Code     2  stm32h7xx_it.o(i.HardFault_Handler)
    MX_DMA_Init                              0x08005511   Thumb Code    56  dma.o(i.MX_DMA_Init)
    MX_FDCAN1_Init                           0x0800554d   Thumb Code    96  fdcan.o(i.MX_FDCAN1_Init)
    MX_GPIO_Init                             0x080055b5   Thumb Code   188  gpio.o(i.MX_GPIO_Init)
    MX_USART1_UART_Init                      0x0800567d   Thumb Code    94  usart.o(i.MX_USART1_UART_Init)
    MX_USART3_UART_Init                      0x080056e5   Thumb Code    94  usart.o(i.MX_USART3_UART_Init)
    MX_USART6_UART_Init                      0x0800574d   Thumb Code    94  usart.o(i.MX_USART6_UART_Init)
    Main_Loop                                0x080057b5   Thumb Code    34  bkmotor.o(i.Main_Loop)
    MemManage_Handler                        0x080057dd   Thumb Code     2  stm32h7xx_it.o(i.MemManage_Handler)
    MotorDriver_SetLock                      0x080057e1   Thumb Code    64  movecontroll.o(i.MotorDriver_SetLock)
    Motor_Start_Task                         0x0800582d   Thumb Code    54  candrive.o(i.Motor_Start_Task)
    NMI_Handler                              0x0800586d   Thumb Code     2  stm32h7xx_it.o(i.NMI_Handler)
    PendSV_Handler                           0x0800586f   Thumb Code     2  stm32h7xx_it.o(i.PendSV_Handler)
    RCGetValue                               0x08005ab1   Thumb Code   654  movecontroll.o(i.RCGetValue)
    RCInit                                   0x08005d55   Thumb Code   128  movecontroll.o(i.RCInit)
    SBUS_RS485_Init                          0x08005e99   Thumb Code    58  sbus.o(i.SBUS_RS485_Init)
    SBUS_RS485_Update                        0x08006091   Thumb Code    42  sbus.o(i.SBUS_RS485_Update)
    SVC_Handler                              0x080060c5   Thumb Code     2  stm32h7xx_it.o(i.SVC_Handler)
    Sbus_GetMotorMode                        0x080060c7   Thumb Code    32  movecontroll.o(i.Sbus_GetMotorMode)
    Sbus_GetMoveMode                         0x080060e7   Thumb Code    44  movecontroll.o(i.Sbus_GetMoveMode)
    Sbus_GetSystemMode                       0x08006113   Thumb Code    32  movecontroll.o(i.Sbus_GetSystemMode)
    Sbus_Init                                0x08006135   Thumb Code    22  sbus.o(i.Sbus_Init)
    Sbus_Process_Task                        0x08006151   Thumb Code    28  sbus.o(i.Sbus_Process_Task)
    SerialPose_TryGet                        0x08006171   Thumb Code    38  navcmd.o(i.SerialPose_TryGet)
    SysTick_Handler                          0x080061a1   Thumb Code     4  stm32h7xx_it.o(i.SysTick_Handler)
    SystemClock_Config                       0x080061a5   Thumb Code   144  main.o(i.SystemClock_Config)
    SystemInit                               0x08006239   Thumb Code   184  system_stm32h7xx.o(i.SystemInit)
    UART_AdvFeatureConfig                    0x08006355   Thumb Code   200  stm32h7xx_hal_uart.o(i.UART_AdvFeatureConfig)
    UART_CheckIdleState                      0x0800641d   Thumb Code   170  stm32h7xx_hal_uart.o(i.UART_CheckIdleState)
    UART_SetConfig                           0x08006c45   Thumb Code   914  stm32h7xx_hal_uart.o(i.UART_SetConfig)
    UART_Start_Receive_DMA                   0x08007021   Thumb Code   156  stm32h7xx_hal_uart.o(i.UART_Start_Receive_DMA)
    UART_Start_Receive_IT                    0x080070c9   Thumb Code   256  stm32h7xx_hal_uart.o(i.UART_Start_Receive_IT)
    UART_WaitOnFlagUntilTimeout              0x080071d9   Thumb Code   148  stm32h7xx_hal_uart.o(i.UART_WaitOnFlagUntilTimeout)
    USART1_IRQHandler                        0x0800726d   Thumb Code     6  stm32h7xx_it.o(i.USART1_IRQHandler)
    USART3_IRQHandler                        0x08007279   Thumb Code     6  stm32h7xx_it.o(i.USART3_IRQHandler)
    USART6_IRQHandler                        0x08007285   Thumb Code     6  stm32h7xx_it.o(i.USART6_IRQHandler)
    UsageFault_Handler                       0x08007291   Thumb Code     2  stm32h7xx_it.o(i.UsageFault_Handler)
    __hardfp_roundf                          0x080072b5   Thumb Code   154  roundf.o(i.__hardfp_roundf)
    can_tx                                   0x08007355   Thumb Code    58  candrive.o(i.can_tx)
    dec_to_rpm                               0x08007395   Thumb Code    18  candrive.o(i.dec_to_rpm)
    is_motor_feedback_timeout                0x080073b5   Thumb Code    46  candrive.o(i.is_motor_feedback_timeout)
    main                                     0x080073e9   Thumb Code   138  main.o(i.main)
    map_sbus_to_rpm                          0x0800747d   Thumb Code   210  bkmotor.o(i.map_sbus_to_rpm)
    mps_to_rpm                               0x08007555   Thumb Code    26  movecontroll.o(i.mps_to_rpm)
    parse_error_word                         0x08007579   Thumb Code   144  candrive.o(i.parse_error_word)
    parse_status_word                        0x08007609   Thumb Code   154  candrive.o(i.parse_status_word)
    rpm_to_dec                               0x080076a5   Thumb Code    42  bkmotor.o(i.rpm_to_dec)
    rpm_to_mps                               0x080076d5   Thumb Code    24  movecontroll.o(i.rpm_to_mps)
    serial2_apply_packet                     0x080076f1   Thumb Code   120  navcmd.o(i.serial2_apply_packet)
    serial2_crc16                            0x08007771   Thumb Code    58  navcmd.o(i.serial2_crc16)
    serial2_handle_frame                     0x080077ab   Thumb Code    62  navcmd.o(i.serial2_handle_frame)
    serial2_process_byte                     0x080077e9   Thumb Code    84  navcmd.o(i.serial2_process_byte)
    serial2_reset_state                      0x08007845   Thumb Code    10  navcmd.o(i.serial2_reset_state)
    __fpl_fnaninf                            0x08007855   Thumb Code   140  fnaninf.o(x$fpl$fnaninf)
    _fp_init                                 0x080078e1   Thumb Code    10  fpinit.o(x$fpl$fpinit)
    __fplib_config_fpu_vfp                   0x080078e9   Thumb Code     0  fpinit.o(x$fpl$fpinit)
    __fplib_config_pureend_doubles           0x080078e9   Thumb Code     0  fpinit.o(x$fpl$fpinit)
    _frnd                                    0x080078ed   Thumb Code    96  frnd.o(x$fpl$frnd)
    __I$use$fp                               0x0800794c   Number         0  usenofp.o(x$fpl$usenofp)
    UARTPrescTable                           0x080079d4   Data          24  stm32h7xx_hal_uart.o(.constdata)
    D1CorePrescTable                         0x080079fc   Data          16  system_stm32h7xx.o(.constdata)
    Region$$Table$$Base                      0x08007a0c   Number         0  anon$$obj.o(Region$$Table)
    Region$$Table$$Limit                     0x08007a2c   Number         0  anon$$obj.o(Region$$Table)
    sbus_data_ready                          0x24000000   Data           1  sbus.o(.data)
    serial2_frame_index                      0x24000050   Data           1  navcmd.o(.data)
    serial_pose_new                          0x24000051   Data           1  navcmd.o(.data)
    serial2_state                            0x24000052   Data           1  navcmd.o(.data)
    wheel_target_velocity                    0x24000054   Data           4  navcmd.o(.data)
    wheel_target_angular_velocity            0x24000058   Data           4  navcmd.o(.data)
    uart1_rx_byte                            0x2400005c   Data           1  navcmd.o(.data)
    g_servo_data_ready_compat                0x24000061   Data           1  candrive.o(.data)
    g_servo_data_ready                       0x24000062   Data           2  candrive.o(.data)
    uwTickFreq                               0x2400006c   Data           1  stm32h7xx_hal.o(.data)
    uwTickPrio                               0x24000070   Data           4  stm32h7xx_hal.o(.data)
    uwTick                                   0x24000074   Data           4  stm32h7xx_hal.o(.data)
    SystemCoreClock                          0x24000078   Data           4  system_stm32h7xx.o(.data)
    SystemD2Clock                            0x2400007c   Data           4  system_stm32h7xx.o(.data)
    hfdcan1                                  0x24000080   Data         160  fdcan.o(.bss)
    huart1                                   0x24000120   Data         148  usart.o(.bss)
    huart3                                   0x240001b4   Data         148  usart.o(.bss)
    huart6                                   0x24000248   Data         148  usart.o(.bss)
    hdma_usart3_rx                           0x240002dc   Data         120  usart.o(.bss)
    hdma_usart3_tx                           0x24000354   Data         120  usart.o(.bss)
    sbus_data                                0x24000574   Data          88  sbus.o(.bss)
    RC                                       0x240005cc   Data          48  movecontroll.o(.bss)
    g_moving_wheel                           0x240005fc   Data          24  movecontroll.o(.bss)
    serial2_frame_buf                        0x24000614   Data          41  navcmd.o(.bss)
    serial_pose_latest                       0x2400063d   Data          41  navcmd.o(.bss)
    NAV_Diff_CMD                             0x24000666   Data          41  navcmd.o(.bss)
    g_servo_data                             0x24000690   Data         176  candrive.o(.bss)
    g_servo_latest                           0x24000740   Data          88  candrive.o(.bss)
    __libspace_start                         0x24000798   Data          96  libspace.o(.bss)
    __temporary_stack_top$libspace           0x240007f8   Data           0  libspace.o(.bss)



==============================================================================

Memory Map of the image

  Image Entry point : 0x080002cd

  Load Region LR_IROM1 (Base: 0x08000000, Size: 0x00007aac, Max: 0x00100000, ABSOLUTE)

    Execution Region ER_IROM1 (Exec base: 0x08000000, Load base: 0x08000000, Size: 0x00007a2c, Max: 0x00100000, ABSOLUTE)

    Exec Addr    Load Addr    Size         Type   Attr      Idx    E Section Name        Object

    0x08000000   0x08000000   0x000002cc   Data   RO            3    RESET               startup_stm32h723xx.o
    0x080002cc   0x080002cc   0x00000008   Code   RO         4622  * !!!main             c_w.l(__main.o)
    0x080002d4   0x080002d4   0x00000034   Code   RO         4800    !!!scatter          c_w.l(__scatter.o)
    0x08000308   0x08000308   0x0000001a   Code   RO         4802    !!handler_copy      c_w.l(__scatter_copy.o)
    0x08000322   0x08000322   0x00000002   PAD
    0x08000324   0x08000324   0x0000001c   Code   RO         4804    !!handler_zi        c_w.l(__scatter_zi.o)
    0x08000340   0x08000340   0x00000002   Code   RO         4668    .ARM.Collect$$libinit$$00000000  c_w.l(libinit.o)
    0x08000342   0x08000342   0x00000004   Code   RO         4680    .ARM.Collect$$libinit$$00000001  c_w.l(libinit2.o)
    0x08000346   0x08000346   0x00000000   Code   RO         4683    .ARM.Collect$$libinit$$00000004  c_w.l(libinit2.o)
    0x08000346   0x08000346   0x00000000   Code   RO         4686    .ARM.Collect$$libinit$$0000000A  c_w.l(libinit2.o)
    0x08000346   0x08000346   0x00000000   Code   RO         4688    .ARM.Collect$$libinit$$0000000C  c_w.l(libinit2.o)
    0x08000346   0x08000346   0x00000000   Code   RO         4690    .ARM.Collect$$libinit$$0000000E  c_w.l(libinit2.o)
    0x08000346   0x08000346   0x00000000   Code   RO         4693    .ARM.Collect$$libinit$$00000011  c_w.l(libinit2.o)
    0x08000346   0x08000346   0x00000000   Code   RO         4695    .ARM.Collect$$libinit$$00000013  c_w.l(libinit2.o)
    0x08000346   0x08000346   0x00000000   Code   RO         4697    .ARM.Collect$$libinit$$00000015  c_w.l(libinit2.o)
    0x08000346   0x08000346   0x00000000   Code   RO         4699    .ARM.Collect$$libinit$$00000017  c_w.l(libinit2.o)
    0x08000346   0x08000346   0x00000000   Code   RO         4701    .ARM.Collect$$libinit$$00000019  c_w.l(libinit2.o)
    0x08000346   0x08000346   0x00000000   Code   RO         4703    .ARM.Collect$$libinit$$0000001B  c_w.l(libinit2.o)
    0x08000346   0x08000346   0x00000000   Code   RO         4705    .ARM.Collect$$libinit$$0000001D  c_w.l(libinit2.o)
    0x08000346   0x08000346   0x00000000   Code   RO         4707    .ARM.Collect$$libinit$$0000001F  c_w.l(libinit2.o)
    0x08000346   0x08000346   0x00000000   Code   RO         4709    .ARM.Collect$$libinit$$00000021  c_w.l(libinit2.o)
    0x08000346   0x08000346   0x00000000   Code   RO         4711    .ARM.Collect$$libinit$$00000023  c_w.l(libinit2.o)
    0x08000346   0x08000346   0x00000000   Code   RO         4713    .ARM.Collect$$libinit$$00000025  c_w.l(libinit2.o)
    0x08000346   0x08000346   0x00000000   Code   RO         4717    .ARM.Collect$$libinit$$0000002C  c_w.l(libinit2.o)
    0x08000346   0x08000346   0x00000000   Code   RO         4719    .ARM.Collect$$libinit$$0000002E  c_w.l(libinit2.o)
    0x08000346   0x08000346   0x00000000   Code   RO         4721    .ARM.Collect$$libinit$$00000030  c_w.l(libinit2.o)
    0x08000346   0x08000346   0x00000000   Code   RO         4723    .ARM.Collect$$libinit$$00000032  c_w.l(libinit2.o)
    0x08000346   0x08000346   0x00000002   Code   RO         4724    .ARM.Collect$$libinit$$00000033  c_w.l(libinit2.o)
    0x08000348   0x08000348   0x00000002   Code   RO         4755    .ARM.Collect$$libshutdown$$00000000  c_w.l(libshutdown.o)
    0x0800034a   0x0800034a   0x00000000   Code   RO         4781    .ARM.Collect$$libshutdown$$00000002  c_w.l(libshutdown2.o)
    0x0800034a   0x0800034a   0x00000000   Code   RO         4783    .ARM.Collect$$libshutdown$$00000004  c_w.l(libshutdown2.o)
    0x0800034a   0x0800034a   0x00000000   Code   RO         4785    .ARM.Collect$$libshutdown$$00000006  c_w.l(libshutdown2.o)
    0x0800034a   0x0800034a   0x00000000   Code   RO         4788    .ARM.Collect$$libshutdown$$00000009  c_w.l(libshutdown2.o)
    0x0800034a   0x0800034a   0x00000000   Code   RO         4791    .ARM.Collect$$libshutdown$$0000000C  c_w.l(libshutdown2.o)
    0x0800034a   0x0800034a   0x00000000   Code   RO         4793    .ARM.Collect$$libshutdown$$0000000E  c_w.l(libshutdown2.o)
    0x0800034a   0x0800034a   0x00000000   Code   RO         4796    .ARM.Collect$$libshutdown$$00000011  c_w.l(libshutdown2.o)
    0x0800034a   0x0800034a   0x00000002   Code   RO         4797    .ARM.Collect$$libshutdown$$00000012  c_w.l(libshutdown2.o)
    0x0800034c   0x0800034c   0x00000000   Code   RO         4628    .ARM.Collect$$rtentry$$00000000  c_w.l(__rtentry.o)
    0x0800034c   0x0800034c   0x00000000   Code   RO         4637    .ARM.Collect$$rtentry$$00000002  c_w.l(__rtentry2.o)
    0x0800034c   0x0800034c   0x00000006   Code   RO         4649    .ARM.Collect$$rtentry$$00000004  c_w.l(__rtentry4.o)
    0x08000352   0x08000352   0x00000000   Code   RO         4639    .ARM.Collect$$rtentry$$00000009  c_w.l(__rtentry2.o)
    0x08000352   0x08000352   0x00000004   Code   RO         4640    .ARM.Collect$$rtentry$$0000000A  c_w.l(__rtentry2.o)
    0x08000356   0x08000356   0x00000000   Code   RO         4642    .ARM.Collect$$rtentry$$0000000C  c_w.l(__rtentry2.o)
    0x08000356   0x08000356   0x00000008   Code   RO         4643    .ARM.Collect$$rtentry$$0000000D  c_w.l(__rtentry2.o)
    0x0800035e   0x0800035e   0x00000002   Code   RO         4672    .ARM.Collect$$rtexit$$00000000  c_w.l(rtexit.o)
    0x08000360   0x08000360   0x00000000   Code   RO         4728    .ARM.Collect$$rtexit$$00000002  c_w.l(rtexit2.o)
    0x08000360   0x08000360   0x00000004   Code   RO         4729    .ARM.Collect$$rtexit$$00000003  c_w.l(rtexit2.o)
    0x08000364   0x08000364   0x00000006   Code   RO         4730    .ARM.Collect$$rtexit$$00000004  c_w.l(rtexit2.o)
    0x0800036a   0x0800036a   0x00000002   PAD
    0x0800036c   0x0800036c   0x00000048   Code   RO            4    .text               startup_stm32h723xx.o
    0x080003b4   0x080003b4   0x000000ee   Code   RO         4612    .text               c_w.l(lludivv7m.o)
    0x080004a2   0x080004a2   0x0000008a   Code   RO         4614    .text               c_w.l(rt_memcpy_v6.o)
    0x0800052c   0x0800052c   0x00000064   Code   RO         4616    .text               c_w.l(rt_memcpy_w.o)
    0x08000590   0x08000590   0x0000004e   Code   RO         4618    .text               c_w.l(rt_memclr_w.o)
    0x080005de   0x080005de   0x00000006   Code   RO         4620    .text               c_w.l(heapauxi.o)
    0x080005e4   0x080005e4   0x0000004a   Code   RO         4655    .text               c_w.l(sys_stackheap_outer.o)
    0x0800062e   0x0800062e   0x00000012   Code   RO         4657    .text               c_w.l(exit.o)
    0x08000640   0x08000640   0x00000008   Code   RO         4669    .text               c_w.l(libspace.o)
    0x08000648   0x08000648   0x0000000c   Code   RO         4725    .text               c_w.l(sys_exit.o)
    0x08000654   0x08000654   0x00000002   Code   RO         4744    .text               c_w.l(use_no_semi.o)
    0x08000656   0x08000656   0x00000000   Code   RO         4746    .text               c_w.l(indicate_semi.o)
    0x08000656   0x08000656   0x00000002   Code   RO          347    i.BusFault_Handler  stm32h7xx_it.o
    0x08000658   0x08000658   0x00000068   Code   RO          751    i.CAN_Parse_TPDO1   candrive.o
    0x080006c0   0x080006c0   0x00000038   Code   RO          752    i.CAN_Parse_TPDO2   candrive.o
    0x080006f8   0x080006f8   0x00000038   Code   RO          753    i.CAN_Parse_TPDO3   candrive.o
    0x08000730   0x08000730   0x00000020   Code   RO          754    i.CAN_Send_StartNode  candrive.o
    0x08000750   0x08000750   0x00000030   Code   RO          755    i.CAN_Send_StdDataFrame  candrive.o
    0x08000780   0x08000780   0x00000004   Code   RO          756    i.Can_Send_Dec_Big_Endian  candrive.o
    0x08000784   0x08000784   0x0000002c   Code   RO          757    i.Can_Send_Dec_Little_Endian  candrive.o
    0x080007b0   0x080007b0   0x000000a0   Code   RO          585    i.ControlLoop_Init  movecontroll.o
    0x08000850   0x08000850   0x0000000c   Code   RO          348    i.DMA1_Stream0_IRQHandler  stm32h7xx_it.o
    0x0800085c   0x0800085c   0x0000000c   Code   RO          349    i.DMA1_Stream1_IRQHandler  stm32h7xx_it.o
    0x08000868   0x08000868   0x000000b4   Code   RO         1737    i.DMA_CalcBaseAndBitshift  stm32h7xx_hal_dma.o
    0x0800091c   0x0800091c   0x0000009c   Code   RO         1738    i.DMA_CalcDMAMUXChannelBaseAndMask  stm32h7xx_hal_dma.o
    0x080009b8   0x080009b8   0x00000074   Code   RO         1739    i.DMA_CalcDMAMUXRequestGenBaseAndMask  stm32h7xx_hal_dma.o
    0x08000a2c   0x08000a2c   0x00000054   Code   RO         1740    i.DMA_CheckFifoParam  stm32h7xx_hal_dma.o
    0x08000a80   0x08000a80   0x00000220   Code   RO         1741    i.DMA_SetConfig     stm32h7xx_hal_dma.o
    0x08000ca0   0x08000ca0   0x00000002   Code   RO          350    i.DebugMon_Handler  stm32h7xx_it.o
    0x08000ca2   0x08000ca2   0x00000002   PAD
    0x08000ca4   0x08000ca4   0x000001c8   Code   RO          586    i.DiffMove_Controller  movecontroll.o
    0x08000e6c   0x08000e6c   0x00000248   Code   RO          587    i.DiffMove_LiDAR    movecontroll.o
    0x080010b4   0x080010b4   0x00000004   Code   RO           13    i.Error_Handler     main.o
    0x080010b8   0x080010b8   0x0000001c   Code   RO         4570    i.ExitRun0Mode      system_stm32h7xx.o
    0x080010d4   0x080010d4   0x0000000c   Code   RO          351    i.FDCAN1_IT0_IRQHandler  stm32h7xx_it.o
    0x080010e0   0x080010e0   0x0000000c   Code   RO          352    i.FDCAN1_IT1_IRQHandler  stm32h7xx_it.o
    0x080010ec   0x080010ec   0x0000003c   Code   RO          758    i.FDCAN1_UserInit   candrive.o
    0x08001128   0x08001128   0x000001c8   Code   RO         3378    i.FDCAN_CalculateRamBlockAddresses  stm32h7xx_hal_fdcan.o
    0x080012f0   0x080012f0   0x0000007c   Code   RO         3379    i.FDCAN_CopyMessageToRAM  stm32h7xx_hal_fdcan.o
    0x0800136c   0x0800136c   0x00000360   Code   RO         1742    i.HAL_DMA_Abort     stm32h7xx_hal_dma.o
    0x080016cc   0x080016cc   0x0000021c   Code   RO         1743    i.HAL_DMA_Abort_IT  stm32h7xx_hal_dma.o
    0x080018e8   0x080018e8   0x00000004   Code   RO         1745    i.HAL_DMA_GetError  stm32h7xx_hal_dma.o
    0x080018ec   0x080018ec   0x000006e8   Code   RO         1747    i.HAL_DMA_IRQHandler  stm32h7xx_hal_dma.o
    0x08001fd4   0x08001fd4   0x000003bc   Code   RO         1748    i.HAL_DMA_Init      stm32h7xx_hal_dma.o
    0x08002390   0x08002390   0x0000029c   Code   RO         1752    i.HAL_DMA_Start_IT  stm32h7xx_hal_dma.o
    0x0800262c   0x0800262c   0x00000088   Code   RO         3381    i.HAL_FDCAN_ActivateNotification  stm32h7xx_hal_fdcan.o
    0x080026b4   0x080026b4   0x00000066   Code   RO         3383    i.HAL_FDCAN_AddMessageToTxFifoQ  stm32h7xx_hal_fdcan.o
    0x0800271a   0x0800271a   0x00000002   Code   RO         3384    i.HAL_FDCAN_ClockCalibrationCallback  stm32h7xx_hal_fdcan.o
    0x0800271c   0x0800271c   0x0000007e   Code   RO         3388    i.HAL_FDCAN_ConfigFilter  stm32h7xx_hal_fdcan.o
    0x0800279a   0x0800279a   0x00000002   Code   RO         3410    i.HAL_FDCAN_ErrorCallback  stm32h7xx_hal_fdcan.o
    0x0800279c   0x0800279c   0x00000002   Code   RO         3411    i.HAL_FDCAN_ErrorStatusCallback  stm32h7xx_hal_fdcan.o
    0x0800279e   0x0800279e   0x00000002   PAD
    0x080027a0   0x080027a0   0x000001a0   Code   RO         3422    i.HAL_FDCAN_GetRxMessage  stm32h7xx_hal_fdcan.o
    0x08002940   0x08002940   0x00000002   Code   RO         3428    i.HAL_FDCAN_HighPriorityMessageCallback  stm32h7xx_hal_fdcan.o
    0x08002942   0x08002942   0x00000002   PAD
    0x08002944   0x08002944   0x00000320   Code   RO         3429    i.HAL_FDCAN_IRQHandler  stm32h7xx_hal_fdcan.o
    0x08002c64   0x08002c64   0x00000244   Code   RO         3430    i.HAL_FDCAN_Init    stm32h7xx_hal_fdcan.o
    0x08002ea8   0x08002ea8   0x000000a8   Code   RO          246    i.HAL_FDCAN_MspInit  fdcan.o
    0x08002f50   0x08002f50   0x00000002   Code   RO         3439    i.HAL_FDCAN_RxBufferNewMessageCallback  stm32h7xx_hal_fdcan.o
    0x08002f52   0x08002f52   0x00000002   PAD
    0x08002f54   0x08002f54   0x00000284   Code   RO          759    i.HAL_FDCAN_RxFifo0Callback  candrive.o
    0x080031d8   0x080031d8   0x00000002   Code   RO         3441    i.HAL_FDCAN_RxFifo1Callback  stm32h7xx_hal_fdcan.o
    0x080031da   0x080031da   0x00000032   Code   RO         3442    i.HAL_FDCAN_Start   stm32h7xx_hal_fdcan.o
    0x0800320c   0x0800320c   0x00000002   Code   RO         3464    i.HAL_FDCAN_TT_GlobalTimeCallback  stm32h7xx_hal_fdcan.o
    0x0800320e   0x0800320e   0x00000002   Code   RO         3465    i.HAL_FDCAN_TT_ScheduleSyncCallback  stm32h7xx_hal_fdcan.o
    0x08003210   0x08003210   0x00000002   Code   RO         3470    i.HAL_FDCAN_TT_StopWatchCallback  stm32h7xx_hal_fdcan.o
    0x08003212   0x08003212   0x00000002   Code   RO         3471    i.HAL_FDCAN_TT_TimeMarkCallback  stm32h7xx_hal_fdcan.o
    0x08003214   0x08003214   0x00000002   Code   RO         3472    i.HAL_FDCAN_TimeoutOccurredCallback  stm32h7xx_hal_fdcan.o
    0x08003216   0x08003216   0x00000002   Code   RO         3473    i.HAL_FDCAN_TimestampWraparoundCallback  stm32h7xx_hal_fdcan.o
    0x08003218   0x08003218   0x00000002   Code   RO         3474    i.HAL_FDCAN_TxBufferAbortCallback  stm32h7xx_hal_fdcan.o
    0x0800321a   0x0800321a   0x00000002   Code   RO         3475    i.HAL_FDCAN_TxBufferCompleteCallback  stm32h7xx_hal_fdcan.o
    0x0800321c   0x0800321c   0x00000002   Code   RO         3476    i.HAL_FDCAN_TxEventFifoCallback  stm32h7xx_hal_fdcan.o
    0x0800321e   0x0800321e   0x00000002   Code   RO         3477    i.HAL_FDCAN_TxFifoEmptyCallback  stm32h7xx_hal_fdcan.o
    0x08003220   0x08003220   0x00000224   Code   RO         1590    i.HAL_GPIO_Init     stm32h7xx_hal_gpio.o
    0x08003444   0x08003444   0x0000000a   Code   RO         1594    i.HAL_GPIO_WritePin  stm32h7xx_hal_gpio.o
    0x0800344e   0x0800344e   0x00000002   PAD
    0x08003450   0x08003450   0x0000000c   Code   RO         2455    i.HAL_GetTick       stm32h7xx_hal.o
    0x0800345c   0x0800345c   0x00000010   Code   RO         2461    i.HAL_IncTick       stm32h7xx_hal.o
    0x0800346c   0x0800346c   0x0000005c   Code   RO         2462    i.HAL_Init          stm32h7xx_hal.o
    0x080034c8   0x080034c8   0x00000040   Code   RO         2463    i.HAL_InitTick      stm32h7xx_hal.o
    0x08003508   0x08003508   0x0000005c   Code   RO          965    i.HAL_MPU_ConfigRegion  stm32h7xx_hal_cortex.o
    0x08003564   0x08003564   0x0000001c   Code   RO          966    i.HAL_MPU_Disable   stm32h7xx_hal_cortex.o
    0x08003580   0x08003580   0x00000024   Code   RO          968    i.HAL_MPU_Enable    stm32h7xx_hal_cortex.o
    0x080035a4   0x080035a4   0x0000001c   Code   RO          465    i.HAL_MspInit       stm32h7xx_hal_msp.o
    0x080035c0   0x080035c0   0x0000001a   Code   RO          972    i.HAL_NVIC_EnableIRQ  stm32h7xx_hal_cortex.o
    0x080035da   0x080035da   0x00000002   PAD
    0x080035dc   0x080035dc   0x00000040   Code   RO          978    i.HAL_NVIC_SetPriority  stm32h7xx_hal_cortex.o
    0x0800361c   0x0800361c   0x00000024   Code   RO          979    i.HAL_NVIC_SetPriorityGrouping  stm32h7xx_hal_cortex.o
    0x08003640   0x08003640   0x00000054   Code   RO         2191    i.HAL_PWREx_ConfigSupply  stm32h7xx_hal_pwr_ex.o
    0x08003694   0x08003694   0x00000024   Code   RO         1233    i.HAL_RCCEx_GetD3PCLK1Freq  stm32h7xx_hal_rcc_ex.o
    0x080036b8   0x080036b8   0x00000144   Code   RO         1235    i.HAL_RCCEx_GetPLL2ClockFreq  stm32h7xx_hal_rcc_ex.o
    0x080037fc   0x080037fc   0x00000144   Code   RO         1236    i.HAL_RCCEx_GetPLL3ClockFreq  stm32h7xx_hal_rcc_ex.o
    0x08003940   0x08003940   0x0000093a   Code   RO         1242    i.HAL_RCCEx_PeriphCLKConfig  stm32h7xx_hal_rcc_ex.o
    0x0800427a   0x0800427a   0x00000002   PAD
    0x0800427c   0x0800427c   0x0000025c   Code   RO         1118    i.HAL_RCC_ClockConfig  stm32h7xx_hal_rcc.o
    0x080044d8   0x080044d8   0x00000044   Code   RO         1123    i.HAL_RCC_GetHCLKFreq  stm32h7xx_hal_rcc.o
    0x0800451c   0x0800451c   0x00000024   Code   RO         1125    i.HAL_RCC_GetPCLK1Freq  stm32h7xx_hal_rcc.o
    0x08004540   0x08004540   0x00000024   Code   RO         1126    i.HAL_RCC_GetPCLK2Freq  stm32h7xx_hal_rcc.o
    0x08004564   0x08004564   0x00000138   Code   RO         1127    i.HAL_RCC_GetSysClockFreq  stm32h7xx_hal_rcc.o
    0x0800469c   0x0800469c   0x00000526   Code   RO         1130    i.HAL_RCC_OscConfig  stm32h7xx_hal_rcc.o
    0x08004bc2   0x08004bc2   0x00000026   Code   RO          983    i.HAL_SYSTICK_Config  stm32h7xx_hal_cortex.o
    0x08004be8   0x08004be8   0x00000040   Code   RO         4452    i.HAL_UARTEx_DisableFifoMode  stm32h7xx_hal_uart_ex.o
    0x08004c28   0x08004c28   0x0000004a   Code   RO         4458    i.HAL_UARTEx_ReceiveToIdle_DMA  stm32h7xx_hal_uart_ex.o
    0x08004c72   0x08004c72   0x00000002   PAD
    0x08004c74   0x08004c74   0x00000088   Code   RO          489    i.HAL_UARTEx_RxEventCallback  sbus.o
    0x08004cfc   0x08004cfc   0x00000002   Code   RO         4460    i.HAL_UARTEx_RxFifoFullCallback  stm32h7xx_hal_uart_ex.o
    0x08004cfe   0x08004cfe   0x0000004c   Code   RO         4461    i.HAL_UARTEx_SetRxFifoThreshold  stm32h7xx_hal_uart_ex.o
    0x08004d4a   0x08004d4a   0x0000004c   Code   RO         4462    i.HAL_UARTEx_SetTxFifoThreshold  stm32h7xx_hal_uart_ex.o
    0x08004d96   0x08004d96   0x00000002   Code   RO         4464    i.HAL_UARTEx_TxFifoEmptyCallback  stm32h7xx_hal_uart_ex.o
    0x08004d98   0x08004d98   0x00000002   Code   RO         4465    i.HAL_UARTEx_WakeupCallback  stm32h7xx_hal_uart_ex.o
    0x08004d9a   0x08004d9a   0x00000002   PAD
    0x08004d9c   0x08004d9c   0x000000a8   Code   RO         4044    i.HAL_UART_AbortReceive  stm32h7xx_hal_uart.o
    0x08004e44   0x08004e44   0x00000058   Code   RO          490    i.HAL_UART_ErrorCallback  sbus.o
    0x08004e9c   0x08004e9c   0x0000039c   Code   RO         4060    i.HAL_UART_IRQHandler  stm32h7xx_hal_uart.o
    0x08005238   0x08005238   0x0000006a   Code   RO         4061    i.HAL_UART_Init     stm32h7xx_hal_uart.o
    0x080052a2   0x080052a2   0x00000002   PAD
    0x080052a4   0x080052a4   0x000001ec   Code   RO          288    i.HAL_UART_MspInit  usart.o
    0x08005490   0x08005490   0x00000048   Code   RO         4066    i.HAL_UART_Receive_IT  stm32h7xx_hal_uart.o
    0x080054d8   0x080054d8   0x00000030   Code   RO          289    i.HAL_UART_RxCpltCallback  usart.o
    0x08005508   0x08005508   0x00000002   Code   RO         4069    i.HAL_UART_RxHalfCpltCallback  stm32h7xx_hal_uart.o
    0x0800550a   0x0800550a   0x00000002   Code   RO         4073    i.HAL_UART_TxCpltCallback  stm32h7xx_hal_uart.o
    0x0800550c   0x0800550c   0x00000002   Code   RO          353    i.HardFault_Handler  stm32h7xx_it.o
    0x0800550e   0x0800550e   0x00000002   PAD
    0x08005510   0x08005510   0x0000003c   Code   RO          221    i.MX_DMA_Init       dma.o
    0x0800554c   0x0800554c   0x00000068   Code   RO          247    i.MX_FDCAN1_Init    fdcan.o
    0x080055b4   0x080055b4   0x000000c8   Code   RO          197    i.MX_GPIO_Init      gpio.o
    0x0800567c   0x0800567c   0x00000068   Code   RO          290    i.MX_USART1_UART_Init  usart.o
    0x080056e4   0x080056e4   0x00000068   Code   RO          291    i.MX_USART3_UART_Init  usart.o
    0x0800574c   0x0800574c   0x00000068   Code   RO          292    i.MX_USART6_UART_Init  usart.o
    0x080057b4   0x080057b4   0x00000028   Code   RO          927    i.Main_Loop         bkmotor.o
    0x080057dc   0x080057dc   0x00000002   Code   RO          354    i.MemManage_Handler  stm32h7xx_it.o
    0x080057de   0x080057de   0x00000002   PAD
    0x080057e0   0x080057e0   0x0000004c   Code   RO          588    i.MotorDriver_SetLock  movecontroll.o
    0x0800582c   0x0800582c   0x00000040   Code   RO          760    i.Motor_Start_Task  candrive.o
    0x0800586c   0x0800586c   0x00000002   Code   RO          355    i.NMI_Handler       stm32h7xx_it.o
    0x0800586e   0x0800586e   0x00000002   Code   RO          356    i.PendSV_Handler    stm32h7xx_it.o
    0x08005870   0x08005870   0x00000120   Code   RO         1245    i.RCCEx_PLL2_Config  stm32h7xx_hal_rcc_ex.o
    0x08005990   0x08005990   0x00000120   Code   RO         1246    i.RCCEx_PLL3_Config  stm32h7xx_hal_rcc_ex.o
    0x08005ab0   0x08005ab0   0x000002a4   Code   RO          589    i.RCGetValue        movecontroll.o
    0x08005d54   0x08005d54   0x0000008c   Code   RO          590    i.RCInit            movecontroll.o
    0x08005de0   0x08005de0   0x00000064   Code   RO          591    i.RC_EnterFailsafeMode  movecontroll.o
    0x08005e44   0x08005e44   0x00000054   Code   RO          491    i.SBUS_RS485_FeedByte  sbus.o
    0x08005e98   0x08005e98   0x00000048   Code   RO          493    i.SBUS_RS485_Init   sbus.o
    0x08005ee0   0x08005ee0   0x0000000c   Code   RO          495    i.SBUS_RS485_NextFifoPos  sbus.o
    0x08005eec   0x08005eec   0x000000ac   Code   RO          496    i.SBUS_RS485_ParseFrame  sbus.o
    0x08005f98   0x08005f98   0x000000f8   Code   RO          497    i.SBUS_RS485_RestartRx  sbus.o
    0x08006090   0x08006090   0x00000034   Code   RO          498    i.SBUS_RS485_Update  sbus.o
    0x080060c4   0x080060c4   0x00000002   Code   RO          357    i.SVC_Handler       stm32h7xx_it.o
    0x080060c6   0x080060c6   0x00000020   Code   RO          592    i.Sbus_GetMotorMode  movecontroll.o
    0x080060e6   0x080060e6   0x0000002c   Code   RO          593    i.Sbus_GetMoveMode  movecontroll.o
    0x08006112   0x08006112   0x00000020   Code   RO          594    i.Sbus_GetSystemMode  movecontroll.o
    0x08006132   0x08006132   0x00000002   PAD
    0x08006134   0x08006134   0x0000001c   Code   RO          499    i.Sbus_Init         sbus.o
    0x08006150   0x08006150   0x00000020   Code   RO          500    i.Sbus_Process_Task  sbus.o
    0x08006170   0x08006170   0x00000030   Code   RO          688    i.SerialPose_TryGet  navcmd.o
    0x080061a0   0x080061a0   0x00000004   Code   RO          358    i.SysTick_Handler   stm32h7xx_it.o
    0x080061a4   0x080061a4   0x00000094   Code   RO           14    i.SystemClock_Config  main.o
    0x08006238   0x08006238   0x000000d8   Code   RO         4572    i.SystemInit        system_stm32h7xx.o
    0x08006310   0x08006310   0x00000044   Code   RO         4466    i.UARTEx_SetNbDataToProcess  stm32h7xx_hal_uart_ex.o
    0x08006354   0x08006354   0x000000c8   Code   RO         4075    i.UART_AdvFeatureConfig  stm32h7xx_hal_uart.o
    0x0800641c   0x0800641c   0x000000aa   Code   RO         4076    i.UART_CheckIdleState  stm32h7xx_hal_uart.o
    0x080064c6   0x080064c6   0x0000000a   Code   RO         4077    i.UART_DMAAbortOnError  stm32h7xx_hal_uart.o
    0x080064d0   0x080064d0   0x00000044   Code   RO         4078    i.UART_DMAError     stm32h7xx_hal_uart.o
    0x08006514   0x08006514   0x00000120   Code   RO         4079    i.UART_DMAReceiveCplt  stm32h7xx_hal_uart.o
    0x08006634   0x08006634   0x000000bc   Code   RO         4081    i.UART_DMARxHalfCplt  stm32h7xx_hal_uart.o
    0x080066f0   0x080066f0   0x00000054   Code   RO         4087    i.UART_EndRxTransfer  stm32h7xx_hal_uart.o
    0x08006744   0x08006744   0x0000002e   Code   RO         4088    i.UART_EndTxTransfer  stm32h7xx_hal_uart.o
    0x08006772   0x08006772   0x00000002   PAD
    0x08006774   0x08006774   0x000000c8   Code   RO         4089    i.UART_RxISR_16BIT  stm32h7xx_hal_uart.o
    0x0800683c   0x0800683c   0x000001a0   Code   RO         4090    i.UART_RxISR_16BIT_FIFOEN  stm32h7xx_hal_uart.o
    0x080069dc   0x080069dc   0x000000c8   Code   RO         4091    i.UART_RxISR_8BIT   stm32h7xx_hal_uart.o
    0x08006aa4   0x08006aa4   0x000001a0   Code   RO         4092    i.UART_RxISR_8BIT_FIFOEN  stm32h7xx_hal_uart.o
    0x08006c44   0x08006c44   0x000003dc   Code   RO         4093    i.UART_SetConfig    stm32h7xx_hal_uart.o
    0x08007020   0x08007020   0x000000a8   Code   RO         4094    i.UART_Start_Receive_DMA  stm32h7xx_hal_uart.o
    0x080070c8   0x080070c8   0x00000110   Code   RO         4095    i.UART_Start_Receive_IT  stm32h7xx_hal_uart.o
    0x080071d8   0x080071d8   0x00000094   Code   RO         4100    i.UART_WaitOnFlagUntilTimeout  stm32h7xx_hal_uart.o
    0x0800726c   0x0800726c   0x0000000c   Code   RO          359    i.USART1_IRQHandler  stm32h7xx_it.o
    0x08007278   0x08007278   0x0000000c   Code   RO          360    i.USART3_IRQHandler  stm32h7xx_it.o
    0x08007284   0x08007284   0x0000000c   Code   RO          361    i.USART6_IRQHandler  stm32h7xx_it.o
    0x08007290   0x08007290   0x00000002   Code   RO          362    i.UsageFault_Handler  stm32h7xx_it.o
    0x08007292   0x08007292   0x00000022   Code   RO          985    i.__NVIC_SetPriority  stm32h7xx_hal_cortex.o
    0x080072b4   0x080072b4   0x000000a0   Code   RO         4624    i.__hardfp_roundf   m_wv.l(roundf.o)
    0x08007354   0x08007354   0x00000040   Code   RO          762    i.can_tx            candrive.o
    0x08007394   0x08007394   0x00000018   Code   RO          763    i.dec_to_rpm        candrive.o
    0x080073ac   0x080073ac   0x00000006   Code   RO          595    i.fabsf             movecontroll.o
    0x080073b2   0x080073b2   0x00000002   PAD
    0x080073b4   0x080073b4   0x00000034   Code   RO          771    i.is_motor_feedback_timeout  candrive.o
    0x080073e8   0x080073e8   0x00000094   Code   RO           15    i.main              main.o
    0x0800747c   0x0800747c   0x000000d8   Code   RO          928    i.map_sbus_to_rpm   bkmotor.o
    0x08007554   0x08007554   0x00000024   Code   RO          596    i.mps_to_rpm        movecontroll.o
    0x08007578   0x08007578   0x00000090   Code   RO          773    i.parse_error_word  candrive.o
    0x08007608   0x08007608   0x0000009a   Code   RO          774    i.parse_status_word  candrive.o
    0x080076a2   0x080076a2   0x00000002   PAD
    0x080076a4   0x080076a4   0x00000030   Code   RO          929    i.rpm_to_dec        bkmotor.o
    0x080076d4   0x080076d4   0x0000001c   Code   RO          597    i.rpm_to_mps        movecontroll.o
    0x080076f0   0x080076f0   0x00000080   Code   RO          689    i.serial2_apply_packet  navcmd.o
    0x08007770   0x08007770   0x0000003a   Code   RO          690    i.serial2_crc16     navcmd.o
    0x080077aa   0x080077aa   0x0000003e   Code   RO          691    i.serial2_handle_frame  navcmd.o
    0x080077e8   0x080077e8   0x0000005c   Code   RO          692    i.serial2_process_byte  navcmd.o
    0x08007844   0x08007844   0x00000010   Code   RO          693    i.serial2_reset_state  navcmd.o
    0x08007854   0x08007854   0x0000008c   Code   RO         4653    x$fpl$fnaninf       fz_wv.l(fnaninf.o)
    0x080078e0   0x080078e0   0x0000000a   Code   RO         4740    x$fpl$fpinit        fz_wv.l(fpinit.o)
    0x080078ea   0x080078ea   0x00000002   PAD
    0x080078ec   0x080078ec   0x00000060   Code   RO         4633    x$fpl$frnd          fz_wv.l(frnd.o)
    0x0800794c   0x0800794c   0x00000000   Code   RO         4635    x$fpl$usenofp       fz_wv.l(usenofp.o)
    0x0800794c   0x0800794c   0x00000024   Data   RO          777    .constdata          candrive.o
    0x08007970   0x08007970   0x00000008   Data   RO         1754    .constdata          stm32h7xx_hal_dma.o
    0x08007978   0x08007978   0x0000005c   Data   RO         3478    .constdata          stm32h7xx_hal_fdcan.o
    0x080079d4   0x080079d4   0x00000018   Data   RO         4101    .constdata          stm32h7xx_hal_uart.o
    0x080079ec   0x080079ec   0x00000010   Data   RO         4467    .constdata          stm32h7xx_hal_uart_ex.o
    0x080079fc   0x080079fc   0x00000010   Data   RO         4573    .constdata          system_stm32h7xx.o
    0x08007a0c   0x08007a0c   0x00000020   Data   RO         4798    Region$$Table       anon$$obj.o


    Execution Region RW_IRAM1 (Exec base: 0x20000000, Load base: 0x08007a2c, Size: 0x00000000, Max: 0x00020000, ABSOLUTE)

    **** No section assigned to this execution region ****


    Execution Region RW_IRAM2 (Exec base: 0x24000000, Load base: 0x08007a2c, Size: 0x00000df8, Max: 0x00050000, ABSOLUTE)

    Exec Addr    Load Addr    Size         Type   Attr      Idx    E Section Name        Object

    0x24000000   0x08007a2c   0x00000006   Data   RW          502    .data               sbus.o
    0x24000006   0x08007a32   0x00000002   PAD
    0x24000008   0x08007a34   0x00000048   Data   RW          599    .data               movecontroll.o
    0x24000050   0x08007a7c   0x0000000c   Data   RW          696    .data               navcmd.o
    0x2400005c   0x08007a88   0x00000001   Data   RW          697    .data               navcmd.o
    0x2400005d   0x08007a89   0x00000003   PAD
    0x24000060   0x08007a8c   0x00000008   Data   RW          778    .data               candrive.o
    0x24000068   0x08007a94   0x00000004   Data   RW          930    .data               bkmotor.o
    0x2400006c   0x08007a98   0x0000000c   Data   RW         2486    .data               stm32h7xx_hal.o
    0x24000078   0x08007aa4   0x00000008   Data   RW         4574    .data               system_stm32h7xx.o
    0x24000080        -       0x000000a0   Zero   RW          248    .bss                fdcan.o
    0x24000120        -       0x000002ac   Zero   RW          293    .bss                usart.o
    0x240003cc        -       0x00000200   Zero   RW          501    .bss                sbus.o
    0x240005cc        -       0x00000048   Zero   RW          598    .bss                movecontroll.o
    0x24000614        -       0x00000052   Zero   RW          694    .bss                navcmd.o
    0x24000666        -       0x00000029   Zero   RW          695    .bss                navcmd.o
    0x2400068f   0x08007aac   0x00000001   PAD
    0x24000690        -       0x00000108   Zero   RW          776    .bss                candrive.o
    0x24000798        -       0x00000060   Zero   RW         4670    .bss                c_w.l(libspace.o)
    0x240007f8        -       0x00000200   Zero   RW            2    HEAP                startup_stm32h723xx.o
    0x240009f8        -       0x00000400   Zero   RW            1    STACK               startup_stm32h723xx.o


==============================================================================

Image component sizes


      Code (inc. data)   RO Data    RW Data    ZI Data      Debug   Object Name

       304         18          0          4          0       2259   bkmotor.o
      1550         82         36          8        264      52929   candrive.o
        60          4          0          0          0        898   dma.o
       272         20          0          0        160       1947   fdcan.o
       200         12          0          0          0       1143   gpio.o
       300         14          0          0          0    1182628   main.o
      2370        172          0         72         72      17241   movecontroll.o
       404         32          0         13        123       5675   navcmd.o
       924         96          0          6        512       8392   sbus.o
        72         30        716          0       1536        844   startup_stm32h723xx.o
       184         36          0         12          0      23097   stm32h7xx_hal.o
       354         28          0          0          0      40953   stm32h7xx_hal_cortex.o
      5880        242          8          0          0      12565   stm32h7xx_hal_dma.o
      2822         50         92          0          0      21781   stm32h7xx_hal_fdcan.o
       558         46          0          0          0       2324   stm32h7xx_hal_gpio.o
        28          6          0          0          0        934   stm32h7xx_hal_msp.o
        84          6          0          0          0        785   stm32h7xx_hal_pwr_ex.o
      2374        102          0          0          0       7136   stm32h7xx_hal_rcc.o
      3622        112          0          0          0       7805   stm32h7xx_hal_rcc_ex.o
      5136        240         24          0          0      40283   stm32h7xx_hal_uart.o
       364          6         16          0          0       6397   stm32h7xx_hal_uart_ex.o
       104         42          0          0          0       7434   stm32h7xx_it.o
       244         38         16          8          0       1989   system_stm32h7xx.o
       852         82          0          0        684       4328   usart.o

    ----------------------------------------------------------------------
     29094       1516        940        128       3352    1451767   Object Totals
         0          0         32          0          0          0   (incl. Generated)
        32          0          0          5          1          0   (incl. Padding)

    ----------------------------------------------------------------------

      Code (inc. data)   RO Data    RW Data    ZI Data      Debug   Library Member Name

         8          0          0          0          0         68   __main.o
         0          0          0          0          0          0   __rtentry.o
        12          0          0          0          0          0   __rtentry2.o
         6          0          0          0          0          0   __rtentry4.o
        52          8          0          0          0          0   __scatter.o
        26          0          0          0          0          0   __scatter_copy.o
        28          0          0          0          0          0   __scatter_zi.o
        18          0          0          0          0         80   exit.o
         6          0          0          0          0        152   heapauxi.o
         0          0          0          0          0          0   indicate_semi.o
         2          0          0          0          0          0   libinit.o
         6          0          0          0          0          0   libinit2.o
         2          0          0          0          0          0   libshutdown.o
         2          0          0          0          0          0   libshutdown2.o
         8          4          0          0         96         68   libspace.o
       238          0          0          0          0        100   lludivv7m.o
        78          0          0          0          0         80   rt_memclr_w.o
       138          0          0          0          0         68   rt_memcpy_v6.o
       100          0          0          0          0         80   rt_memcpy_w.o
         2          0          0          0          0          0   rtexit.o
        10          0          0          0          0          0   rtexit2.o
        12          4          0          0          0         68   sys_exit.o
        74          0          0          0          0         80   sys_stackheap_outer.o
         2          0          0          0          0         68   use_no_semi.o
       140          4          0          0          0        132   fnaninf.o
        10          0          0          0          0        116   fpinit.o
        96          4          0          0          0        124   frnd.o
         0          0          0          0          0          0   usenofp.o
       160          6          0          0          0        140   roundf.o

    ----------------------------------------------------------------------
      1242         30          0          0         96       1424   Library Totals
         6          0          0          0          0          0   (incl. Padding)

    ----------------------------------------------------------------------

      Code (inc. data)   RO Data    RW Data    ZI Data      Debug   Library Name

       830         16          0          0         96        912   c_w.l
       246          8          0          0          0        372   fz_wv.l
       160          6          0          0          0        140   m_wv.l

    ----------------------------------------------------------------------
      1242         30          0          0         96       1424   Library Totals

    ----------------------------------------------------------------------

==============================================================================


      Code (inc. data)   RO Data    RW Data    ZI Data      Debug   

     30336       1546        940        128       3448    1436727   Grand Totals
     30336       1546        940        128       3448    1436727   ELF Image Totals
     30336       1546        940        128          0          0   ROM Totals

==============================================================================

    Total RO  Size (Code + RO Data)                31276 (  30.54kB)
    Total RW  Size (RW Data + ZI Data)              3576 (   3.49kB)
    Total ROM Size (Code + RO Data + RW Data)      31404 (  30.67kB)

==============================================================================

